开始时间: Mon Oct  5 03:45:57 UTC 2026
模式: ACCESS-ESM1-5
集合: ENSO_tel
Python: Python 3.11.16
数据清单: /g/data/p66/ars599/ENSO_metrics/results_gadi_full/manifests/inventory.json
ACCESS-ESM1-5: root=/g/data/fs38/publications/CMIP6/CMIP/CSIRO/ACCESS-ESM1-5/historical/r4i1p1f1, variables=['lhf', 'lwr', 'pr', 'shf', 'ssh', 'sst', 'swr', 'taux', 'tauy', 'thf'], split=[]
numpy: 2.3.5
scipy: 1.17.1
xarray: 2026.9.0
cftime: 1.6.6
netCDF4: 1.7.4
matplotlib: 3.11.2
cartopy: 0.26.0
xesmf: 0.9.2
xcdat: 0.11.4
regionmask: 0.13.0
cmocean: v3.0.3
/scratch/p66/ars599/enso_metrics_cache/pythonpath/EnsoMetrics/EnsoMetricsLib.py:6950: UserWarning: areacell is None for variable 'unknown'; synthesising cosine-latitude weights. Provide areacella/sftlf for accurate spatial averages.
  sst2, keyerror = AverageMeridional(sst2)
/scratch/p66/ars599/enso_metrics_cache/pythonpath/EnsoMetrics/EnsoUvcdatToolsLib.py:7406: UserWarning: areacell is None for variable 'tos'; synthesising cosine-latitude weights. Provide areacella/sftlf for accurate spatial averages.
  variable, areacell, keyerror3 = Read_mask_area(
/scratch/p66/ars599/enso_metrics_cache/pythonpath/EnsoMetrics/EnsoUvcdatToolsLib.py:7303: UserWarning: areacell is None for variable 'unknown'; synthesising cosine-latitude weights. Provide areacella/sftlf for accurate spatial averages.
  tab, keyerror = dict_average[average](tab, areacell, region=region, **kwargs)
/scratch/p66/ars599/enso_metrics_cache/pythonpath/EnsoMetrics/EnsoUvcdatToolsLib.py:7406: UserWarning: areacell is None for variable 'tos'; synthesising cosine-latitude weights. Provide areacella/sftlf for accurate spatial averages.
  variable, areacell, keyerror3 = Read_mask_area(
/scratch/p66/ars599/enso_metrics_cache/pythonpath/EnsoMetrics/EnsoUvcdatToolsLib.py:7406: UserWarning: areacell is None for variable 'tos'; synthesising cosine-latitude weights. Provide areacella/sftlf for accurate spatial averages.
  variable, areacell, keyerror3 = Read_mask_area(
/scratch/p66/ars599/enso_metrics_cache/pythonpath/EnsoMetrics/EnsoMetricsLib.py:6950: UserWarning: areacell is None for variable 'unknown'; synthesising cosine-latitude weights. Provide areacella/sftlf for accurate spatial averages.
  sst2, keyerror = AverageMeridional(sst2)
/scratch/p66/ars599/enso_metrics_cache/pythonpath/EnsoMetrics/EnsoUvcdatToolsLib.py:7406: UserWarning: areacell is None for variable 'tos'; synthesising cosine-latitude weights. Provide areacella/sftlf for accurate spatial averages.
  variable, areacell, keyerror3 = Read_mask_area(
/scratch/p66/ars599/enso_metrics_cache/pythonpath/EnsoMetrics/EnsoUvcdatToolsLib.py:7303: UserWarning: areacell is None for variable 'unknown'; synthesising cosine-latitude weights. Provide areacella/sftlf for accurate spatial averages.
  tab, keyerror = dict_average[average](tab, areacell, region=region, **kwargs)
/scratch/p66/ars599/enso_metrics_cache/pythonpath/EnsoMetrics/EnsoUvcdatToolsLib.py:7406: UserWarning: areacell is None for variable 'tos'; synthesising cosine-latitude weights. Provide areacella/sftlf for accurate spatial averages.
  variable, areacell, keyerror3 = Read_mask_area(
/scratch/p66/ars599/enso_metrics_cache/pythonpath/EnsoMetrics/EnsoUvcdatToolsLib.py:7406: UserWarning: areacell is None for variable 'tos'; synthesising cosine-latitude weights. Provide areacella/sftlf for accurate spatial averages.
  variable, areacell, keyerror3 = Read_mask_area(
/scratch/p66/ars599/enso_metrics_cache/pythonpath/EnsoMetrics/EnsoMetricsLib.py:6950: UserWarning: areacell is None for variable 'unknown'; synthesising cosine-latitude weights. Provide areacella/sftlf for accurate spatial averages.
  sst2, keyerror = AverageMeridional(sst2)
/scratch/p66/ars599/enso_metrics_cache/pythonpath/EnsoMetrics/EnsoUvcdatToolsLib.py:7406: UserWarning: areacell is None for variable 'tos'; synthesising cosine-latitude weights. Provide areacella/sftlf for accurate spatial averages.
  variable, areacell, keyerror3 = Read_mask_area(
/scratch/p66/ars599/enso_metrics_cache/pythonpath/EnsoMetrics/EnsoUvcdatToolsLib.py:7303: UserWarning: areacell is None for variable 'unknown'; synthesising cosine-latitude weights. Provide areacella/sftlf for accurate spatial averages.
  tab, keyerror = dict_average[average](tab, areacell, region=region, **kwargs)
Traceback (most recent call last):
  File "/scratch/p66/ars599/enso_metrics_cache/pythonpath/EnsoMetrics/EnsoComputeMetricsLib.py", line 456, in ComputeCollection
    valu, vame, dive, dime = ComputeMetric(
                             ^^^^^^^^^^^^^^
  File "/scratch/p66/ars599/enso_metrics_cache/pythonpath/EnsoMetrics/EnsoComputeMetricsLib.py", line 1125, in ComputeMetric
    diagnostic1[output_name] = dict_twoVar_modelAndObs[metric](
                               ^^^^^^^^^^^^^^^^^^^^^^^^^^^^^^^^
  File "/scratch/p66/ars599/enso_metrics_cache/pythonpath/EnsoMetrics/EnsoMetricsLib.py", line 9762, in EnsoPrMapDjf
    pr_mod_slope, keyerror_mod = BasinMask(
                                 ^^^^^^^^^^
  File "/scratch/p66/ars599/enso_metrics_cache/pythonpath/EnsoMetrics/EnsoUvcdatToolsLib.py", line 4412, in BasinMask
    basin = ff("basin", latitude=region_ref["latitude"], longitude=region_ref["longitude"])
            ^^^^^^^^^^^^^^^^^^^^^^^^^^^^^^^^^^^^^^^^^^^^^^^^^^^^^^^^^^^^^^^^^^^^^^^^^^^^^^^
  File "/scratch/p66/ars599/enso_metrics_cache/pythonpath/EnsoMetrics/EnsoUvcdatToolsLib.py", line 2088, in __call__
    raise OSError(
OSError: File not open for reading: /scratch/p66/ars599/enso_metrics_cache/pythonpath/EnsoMetrics/../share/EnsoMetrics/basin_generic_1x1deg.nc; original error: [Errno 2] No such file or directory: '/scratch/p66/ars599/enso_metrics_cache/pythonpath/share/EnsoMetrics/basin_generic_1x1deg.nc'
/scratch/p66/ars599/enso_metrics_cache/pythonpath/EnsoMetrics/EnsoUvcdatToolsLib.py:7406: UserWarning: areacell is None for variable 'tos'; synthesising cosine-latitude weights. Provide areacella/sftlf for accurate spatial averages.
  variable, areacell, keyerror3 = Read_mask_area(
/scratch/p66/ars599/enso_metrics_cache/pythonpath/EnsoMetrics/EnsoUvcdatToolsLib.py:7303: UserWarning: areacell is None for variable 'unknown'; synthesising cosine-latitude weights. Provide areacella/sftlf for accurate spatial averages.
  tab, keyerror = dict_average[average](tab, areacell, region=region, **kwargs)
Traceback (most recent call last):
  File "/scratch/p66/ars599/enso_metrics_cache/pythonpath/EnsoMetrics/EnsoComputeMetricsLib.py", line 456, in ComputeCollection
    valu, vame, dive, dime = ComputeMetric(
                             ^^^^^^^^^^^^^^
  File "/scratch/p66/ars599/enso_metrics_cache/pythonpath/EnsoMetrics/EnsoComputeMetricsLib.py", line 1125, in ComputeMetric
    diagnostic1[output_name] = dict_twoVar_modelAndObs[metric](
                               ^^^^^^^^^^^^^^^^^^^^^^^^^^^^^^^^
  File "/scratch/p66/ars599/enso_metrics_cache/pythonpath/EnsoMetrics/EnsoMetricsLib.py", line 10319, in EnsoPrMapJja
    pr_mod_slope, keyerror_mod = BasinMask(
                                 ^^^^^^^^^^
  File "/scratch/p66/ars599/enso_metrics_cache/pythonpath/EnsoMetrics/EnsoUvcdatToolsLib.py", line 4412, in BasinMask
    basin = ff("basin", latitude=region_ref["latitude"], longitude=region_ref["longitude"])
            ^^^^^^^^^^^^^^^^^^^^^^^^^^^^^^^^^^^^^^^^^^^^^^^^^^^^^^^^^^^^^^^^^^^^^^^^^^^^^^^
  File "/scratch/p66/ars599/enso_metrics_cache/pythonpath/EnsoMetrics/EnsoUvcdatToolsLib.py", line 2088, in __call__
    raise OSError(
OSError: File not open for reading: /scratch/p66/ars599/enso_metrics_cache/pythonpath/EnsoMetrics/../share/EnsoMetrics/basin_generic_1x1deg.nc; original error: [Errno 2] No such file or directory: '/scratch/p66/ars599/enso_metrics_cache/pythonpath/share/EnsoMetrics/basin_generic_1x1deg.nc'
/scratch/p66/ars599/enso_metrics_cache/pythonpath/EnsoMetrics/EnsoMetricsLib.py:11532: UserWarning: areacell is None for variable 'unknown'; synthesising cosine-latitude weights. Provide areacella/sftlf for accurate spatial averages.
  sst2, keyerror1 = AverageMeridional(sst2)
/scratch/p66/ars599/enso_metrics_cache/pythonpath/EnsoMetrics/EnsoMetricsLib.py:11533: UserWarning: areacell is None for variable 'unknown'; synthesising cosine-latitude weights. Provide areacella/sftlf for accurate spatial averages.
  sst3_NDJ, keyerror2 = AverageMeridional(sst3_NDJ)
/scratch/p66/ars599/enso_metrics_cache/pythonpath/EnsoMetrics/EnsoMetricsLib.py:11534: UserWarning: areacell is None for variable 'unknown'; synthesising cosine-latitude weights. Provide areacella/sftlf for accurate spatial averages.
  sst3_MAM, keyerror3 = AverageMeridional(sst3_MAM)
/scratch/p66/ars599/enso_metrics_cache/pythonpath/EnsoMetrics/EnsoUvcdatToolsLib.py:7406: UserWarning: areacell is None for variable 'tos'; synthesising cosine-latitude weights. Provide areacella/sftlf for accurate spatial averages.
  variable, areacell, keyerror3 = Read_mask_area(
/scratch/p66/ars599/enso_metrics_cache/pythonpath/EnsoMetrics/EnsoUvcdatToolsLib.py:7303: UserWarning: areacell is None for variable 'unknown'; synthesising cosine-latitude weights. Provide areacella/sftlf for accurate spatial averages.
  tab, keyerror = dict_average[average](tab, areacell, region=region, **kwargs)
/scratch/p66/ars599/enso_metrics_cache/pythonpath/EnsoMetrics/EnsoUvcdatToolsLib.py:7303: UserWarning: areacell is None for variable 'unknown'; synthesising cosine-latitude weights. Provide areacella/sftlf for accurate spatial averages.
  tab, keyerror = dict_average[average](tab, areacell, region=region, **kwargs)
/scratch/p66/ars599/enso_metrics_cache/pythonpath/EnsoMetrics/EnsoUvcdatToolsLib.py:7406: UserWarning: areacell is None for variable 'tos'; synthesising cosine-latitude weights. Provide areacella/sftlf for accurate spatial averages.
  variable, areacell, keyerror3 = Read_mask_area(
/scratch/p66/ars599/enso_metrics_cache/pythonpath/EnsoMetrics/EnsoUvcdatToolsLib.py:7406: UserWarning: areacell is None for variable 'tos'; synthesising cosine-latitude weights. Provide areacella/sftlf for accurate spatial averages.
  variable, areacell, keyerror3 = Read_mask_area(
/scratch/p66/ars599/enso_metrics_cache/pythonpath/EnsoMetrics/EnsoMetricsLib.py:11532: UserWarning: areacell is None for variable 'unknown'; synthesising cosine-latitude weights. Provide areacella/sftlf for accurate spatial averages.
  sst2, keyerror1 = AverageMeridional(sst2)
/scratch/p66/ars599/enso_metrics_cache/pythonpath/EnsoMetrics/EnsoMetricsLib.py:11533: UserWarning: areacell is None for variable 'unknown'; synthesising cosine-latitude weights. Provide areacella/sftlf for accurate spatial averages.
  sst3_NDJ, keyerror2 = AverageMeridional(sst3_NDJ)
/scratch/p66/ars599/enso_metrics_cache/pythonpath/EnsoMetrics/EnsoMetricsLib.py:11534: UserWarning: areacell is None for variable 'unknown'; synthesising cosine-latitude weights. Provide areacella/sftlf for accurate spatial averages.
  sst3_MAM, keyerror3 = AverageMeridional(sst3_MAM)
/scratch/p66/ars599/enso_metrics_cache/pythonpath/EnsoMetrics/EnsoUvcdatToolsLib.py:7406: UserWarning: areacell is None for variable 'tos'; synthesising cosine-latitude weights. Provide areacella/sftlf for accurate spatial averages.
  variable, areacell, keyerror3 = Read_mask_area(
/scratch/p66/ars599/enso_metrics_cache/pythonpath/EnsoMetrics/EnsoUvcdatToolsLib.py:7303: UserWarning: areacell is None for variable 'unknown'; synthesising cosine-latitude weights. Provide areacella/sftlf for accurate spatial averages.
  tab, keyerror = dict_average[average](tab, areacell, region=region, **kwargs)
/scratch/p66/ars599/enso_metrics_cache/pythonpath/EnsoMetrics/EnsoUvcdatToolsLib.py:7303: UserWarning: areacell is None for variable 'unknown'; synthesising cosine-latitude weights. Provide areacella/sftlf for accurate spatial averages.
  tab, keyerror = dict_average[average](tab, areacell, region=region, **kwargs)
/scratch/p66/ars599/enso_metrics_cache/pythonpath/EnsoMetrics/EnsoUvcdatToolsLib.py:7406: UserWarning: areacell is None for variable 'tos'; synthesising cosine-latitude weights. Provide areacella/sftlf for accurate spatial averages.
  variable, areacell, keyerror3 = Read_mask_area(
/scratch/p66/ars599/enso_metrics_cache/pythonpath/EnsoMetrics/EnsoUvcdatToolsLib.py:7406: UserWarning: areacell is None for variable 'tos'; synthesising cosine-latitude weights. Provide areacella/sftlf for accurate spatial averages.
  variable, areacell, keyerror3 = Read_mask_area(
/scratch/p66/ars599/enso_metrics_cache/pythonpath/EnsoMetrics/EnsoMetricsLib.py:11532: UserWarning: areacell is None for variable 'unknown'; synthesising cosine-latitude weights. Provide areacella/sftlf for accurate spatial averages.
  sst2, keyerror1 = AverageMeridional(sst2)
/scratch/p66/ars599/enso_metrics_cache/pythonpath/EnsoMetrics/EnsoMetricsLib.py:11533: UserWarning: areacell is None for variable 'unknown'; synthesising cosine-latitude weights. Provide areacella/sftlf for accurate spatial averages.
  sst3_NDJ, keyerror2 = AverageMeridional(sst3_NDJ)
/scratch/p66/ars599/enso_metrics_cache/pythonpath/EnsoMetrics/EnsoMetricsLib.py:11534: UserWarning: areacell is None for variable 'unknown'; synthesising cosine-latitude weights. Provide areacella/sftlf for accurate spatial averages.
  sst3_MAM, keyerror3 = AverageMeridional(sst3_MAM)
/scratch/p66/ars599/enso_metrics_cache/pythonpath/EnsoMetrics/EnsoUvcdatToolsLib.py:7406: UserWarning: areacell is None for variable 'tos'; synthesising cosine-latitude weights. Provide areacella/sftlf for accurate spatial averages.
  variable, areacell, keyerror3 = Read_mask_area(
/scratch/p66/ars599/enso_metrics_cache/pythonpath/EnsoMetrics/EnsoUvcdatToolsLib.py:7406: UserWarning: areacell is None for variable 'tos'; synthesising cosine-latitude weights. Provide areacella/sftlf for accurate spatial averages.
  variable, areacell, keyerror3 = Read_mask_area(
/scratch/p66/ars599/enso_metrics_cache/pythonpath/EnsoMetrics/EnsoUvcdatToolsLib.py:7303: UserWarning: areacell is None for variable 'unknown'; synthesising cosine-latitude weights. Provide areacella/sftlf for accurate spatial averages.
  tab, keyerror = dict_average[average](tab, areacell, region=region, **kwargs)
/scratch/p66/ars599/enso_metrics_cache/pythonpath/EnsoMetrics/EnsoMetricsLib.py:14907: UserWarning: areacell is None for variable 'unknown'; synthesising cosine-latitude weights. Provide areacella/sftlf for accurate spatial averages.
  sstlon_mod, keyerror_mod = AverageMeridional(sstmap_mod)
/scratch/p66/ars599/enso_metrics_cache/pythonpath/EnsoMetrics/EnsoMetricsLib.py:14908: UserWarning: areacell is None for variable 'unknown'; synthesising cosine-latitude weights. Provide areacella/sftlf for accurate spatial averages.
  sstlon_obs, keyerror_obs = AverageMeridional(sstmap_obs)
/scratch/p66/ars599/enso_metrics_cache/pythonpath/EnsoMetrics/EnsoUvcdatToolsLib.py:7406: UserWarning: areacell is None for variable 'tos'; synthesising cosine-latitude weights. Provide areacella/sftlf for accurate spatial averages.
  variable, areacell, keyerror3 = Read_mask_area(
/scratch/p66/ars599/enso_metrics_cache/pythonpath/EnsoMetrics/EnsoUvcdatToolsLib.py:7406: UserWarning: areacell is None for variable 'tos'; synthesising cosine-latitude weights. Provide areacella/sftlf for accurate spatial averages.
  variable, areacell, keyerror3 = Read_mask_area(
/scratch/p66/ars599/enso_metrics_cache/pythonpath/EnsoMetrics/EnsoUvcdatToolsLib.py:7406: UserWarning: areacell is None for variable 'tos'; synthesising cosine-latitude weights. Provide areacella/sftlf for accurate spatial averages.
  variable, areacell, keyerror3 = Read_mask_area(
/scratch/p66/ars599/enso_metrics_cache/pythonpath/EnsoMetrics/EnsoUvcdatToolsLib.py:7303: UserWarning: areacell is None for variable 'unknown'; synthesising cosine-latitude weights. Provide areacella/sftlf for accurate spatial averages.
  tab, keyerror = dict_average[average](tab, areacell, region=region, **kwargs)
/scratch/p66/ars599/enso_metrics_cache/pythonpath/EnsoMetrics/EnsoMetricsLib.py:14907: UserWarning: areacell is None for variable 'unknown'; synthesising cosine-latitude weights. Provide areacella/sftlf for accurate spatial averages.
  sstlon_mod, keyerror_mod = AverageMeridional(sstmap_mod)
/scratch/p66/ars599/enso_metrics_cache/pythonpath/EnsoMetrics/EnsoMetricsLib.py:14908: UserWarning: areacell is None for variable 'unknown'; synthesising cosine-latitude weights. Provide areacella/sftlf for accurate spatial averages.
  sstlon_obs, keyerror_obs = AverageMeridional(sstmap_obs)
/scratch/p66/ars599/enso_metrics_cache/pythonpath/EnsoMetrics/EnsoUvcdatToolsLib.py:7406: UserWarning: areacell is None for variable 'tos'; synthesising cosine-latitude weights. Provide areacella/sftlf for accurate spatial averages.
  variable, areacell, keyerror3 = Read_mask_area(
Traceback (most recent call last):
  File "/scratch/p66/ars599/enso_metrics_cache/pythonpath/EnsoMetrics/EnsoComputeMetricsLib.py", line 456, in ComputeCollection
    valu, vame, dive, dime = ComputeMetric(
                             ^^^^^^^^^^^^^^
  File "/scratch/p66/ars599/enso_metrics_cache/pythonpath/EnsoMetrics/EnsoComputeMetricsLib.py", line 1184, in ComputeMetric
    units = diagnostic1[obs]["units"]
            ^^^^^^^^^^^
UnboundLocalError: cannot access local variable 'obs' where it is not associated with a value
Traceback (most recent call last):
  File "/scratch/p66/ars599/enso_metrics_cache/pythonpath/EnsoMetrics/EnsoComputeMetricsLib.py", line 456, in ComputeCollection
    valu, vame, dive, dime = ComputeMetric(
                             ^^^^^^^^^^^^^^
  File "/scratch/p66/ars599/enso_metrics_cache/pythonpath/EnsoMetrics/EnsoComputeMetricsLib.py", line 1184, in ComputeMetric
    units = diagnostic1[obs]["units"]
            ^^^^^^^^^^^
UnboundLocalError: cannot access local variable 'obs' where it is not associated with a value
数据清单: /g/data/p66/ars599/ENSO_metrics/results_gadi_full/manifests/inventory.json
ACCESS-ESM1-5: root=/g/data/fs38/publications/CMIP6/CMIP/CSIRO/ACCESS-ESM1-5/historical/r4i1p1f1, variables=['lhf', 'lwr', 'pr', 'shf', 'ssh', 'sst', 'swr', 'taux', 'tauy', 'thf'], split=[]
[94m     ComputeCollection: metric = EnsoAmpl[0m
[94m     ComputeMetric: oneVarmetric = ACCESS-ESM1-5_r4i1p1f1[0m
[94m     ComputeMetric: oneVarmetric = HadISST[0m
[94m     ComputeMetric: oneVarmetric = Tropflux[0m
[94m     ComputeCollection: metric = EnsoPrMapDjf[0m
[94m     ComputeMetric: twoVarRMSmetric, EnsoPrMapDjf = ACCESS-ESM1-5_r4i1p1f1 and HadISST_GPCPv2.3[0m
[93m                         NOTE: Estimated landmask applied[0m
[94m     ComputeCollection: metric = EnsoPrMapJja[0m
[94m     ComputeMetric: twoVarRMSmetric, EnsoPrMapJja = ACCESS-ESM1-5_r4i1p1f1 and HadISST_GPCPv2.3[0m
[93m                         NOTE: Estimated landmask applied[0m
[94m     ComputeCollection: metric = EnsoSeasonality[0m
[94m     ComputeMetric: oneVarmetric = ACCESS-ESM1-5_r4i1p1f1[0m
[94m     ComputeMetric: oneVarmetric = HadISST[0m
[94m     ComputeMetric: oneVarmetric = Tropflux[0m
[94m     ComputeCollection: metric = EnsoSstLonRmse[0m
[94m     ComputeMetric: oneVarRMSmetric, EnsoSstLonRmse = ACCESS-ESM1-5_r4i1p1f1 and HadISST[0m
[94m     ComputeMetric: oneVarRMSmetric, EnsoSstLonRmse = ACCESS-ESM1-5_r4i1p1f1 and Tropflux[0m
[94m     ComputeCollection: metric = EnsoSstMapDjf[0m
[94m     ComputeCollection: metric = EnsoSstMapJja[0m
完成时间: Mon Oct  5 03:49:05 UTC 2026
输出目录: /g/data/p66/ars599/ENSO_metrics/results_gadi_full
