开始时间: Mon Oct  5 02:55:40 UTC 2026
模式: ACCESS-CM2 ACCESS-ESM1-5 TaiESM1 CESM2
集合: ENSO_perf ENSO_proc ENSO_tel
Python: Python 3.11.16
数据清单: /g/data/p66/ars599/ENSO_metrics/results_gadi/manifests/inventory.json
ACCESS-CM2: root=/g/data/fs38/publications/CMIP6/CMIP/CSIRO-ARCCSS/ACCESS-CM2/historical/r1i1p1f1, variables=['lhf', 'lwr', 'pr', 'shf', 'ssh', 'sst', 'swr', 'taux', 'tauy', 'thf'], split=[]
ACCESS-ESM1-5: root=/g/data/fs38/publications/CMIP6/CMIP/CSIRO/ACCESS-ESM1-5/historical/r1i1p1f1, variables=['lhf', 'lwr', 'pr', 'shf', 'ssh', 'sst', 'swr', 'taux', 'tauy', 'thf'], split=[]
TaiESM1: root=/g/data/oi10/replicas/CMIP6/CMIP/AS-RCEC/TaiESM1/historical/r1i1p1f1, variables=['lhf', 'lwr', 'pr', 'shf', 'ssh', 'sst', 'swr', 'taux', 'tauy', 'thf'], split=[]
CESM2: root=/g/data/oi10/replicas/CMIP6/CMIP/NCAR/CESM2/historical/r1i1p1f1, variables=['lhf', 'lwr', 'pr', 'shf', 'ssh', 'sst', 'swr', 'taux', 'tauy', 'thf'], split=[]
numpy: 2.3.5
scipy: 1.17.1
xarray: 2026.9.0
cftime: 1.6.6
netCDF4: 1.7.4
matplotlib: 3.11.2
cartopy: 0.26.0
xesmf: 0.9.2
xcdat: 0.11.4
regionmask: 0.13.0
cmocean: v3.0.3
Traceback (most recent call last):
  File "/g/data/p66/ars599/ENSO_metrics/lib/EnsoUvcdatToolsLib.py", line 2965, in generateLandSeaMask
    land = _regionmask.defined_regions.natural_earth.land_110
           ^^^^^^^^^^^^^^^^^^^^^^^^^^^^^^^^^^^^^^^^^
  File "/scratch/p66/ars599/enso_metrics_env/lib/python3.11/site-packages/regionmask/defined_regions/__init__.py", line 29, in __getattr__
    raise AttributeError(
AttributeError: The `natural_earth` regions have been removed. Use ``natural_earth_v4_1_0``  or ``natural_earth_v5_0_0`` instead.

During handling of the above exception, another exception occurred:

Traceback (most recent call last):
  File "/scratch/p66/ars599/enso_metrics_env/lib/python3.11/site-packages/urllib3/connection.py", line 239, in _new_conn
    sock = connection.create_connection(
           ^^^^^^^^^^^^^^^^^^^^^^^^^^^^^
  File "/scratch/p66/ars599/enso_metrics_env/lib/python3.11/site-packages/urllib3/util/connection.py", line 85, in create_connection
    raise err
  File "/scratch/p66/ars599/enso_metrics_env/lib/python3.11/site-packages/urllib3/util/connection.py", line 73, in create_connection
    sock.connect(sa)
OSError: [Errno 101] Network is unreachable

The above exception was the direct cause of the following exception:

Traceback (most recent call last):
  File "/scratch/p66/ars599/enso_metrics_env/lib/python3.11/site-packages/urllib3/connectionpool.py", line 793, in urlopen
    response = self._make_request(
               ^^^^^^^^^^^^^^^^^^^
  File "/scratch/p66/ars599/enso_metrics_env/lib/python3.11/site-packages/urllib3/connectionpool.py", line 494, in _make_request
    raise new_e
  File "/scratch/p66/ars599/enso_metrics_env/lib/python3.11/site-packages/urllib3/connectionpool.py", line 470, in _make_request
    self._validate_conn(conn)
  File "/scratch/p66/ars599/enso_metrics_env/lib/python3.11/site-packages/urllib3/connectionpool.py", line 1125, in _validate_conn
    conn.connect()
  File "/scratch/p66/ars599/enso_metrics_env/lib/python3.11/site-packages/urllib3/connection.py", line 827, in connect
    self.sock = sock = self._new_conn()
                       ^^^^^^^^^^^^^^^^
  File "/scratch/p66/ars599/enso_metrics_env/lib/python3.11/site-packages/urllib3/connection.py", line 254, in _new_conn
    raise NewConnectionError(
urllib3.exceptions.NewConnectionError: HTTPSConnection(host='naturalearth.s3.amazonaws.com', port=443): Failed to establish a new connection: [Errno 101] Network is unreachable

The above exception was the direct cause of the following exception:

Traceback (most recent call last):
  File "/scratch/p66/ars599/enso_metrics_env/lib/python3.11/site-packages/requests/adapters.py", line 696, in send
    resp = conn.urlopen(
           ^^^^^^^^^^^^^
  File "/scratch/p66/ars599/enso_metrics_env/lib/python3.11/site-packages/urllib3/connectionpool.py", line 847, in urlopen
    retries = retries.increment(
              ^^^^^^^^^^^^^^^^^^
  File "/scratch/p66/ars599/enso_metrics_env/lib/python3.11/site-packages/urllib3/util/retry.py", line 555, in increment
    raise MaxRetryError(_pool, url, reason) from reason  # type: ignore[arg-type]
    ^^^^^^^^^^^^^^^^^^^^^^^^^^^^^^^^^^^^^^^^^^^^^^^^^^^
urllib3.exceptions.MaxRetryError: HTTPSConnectionPool(host='naturalearth.s3.amazonaws.com', port=443): Max retries exceeded with url: /5.0.0/110m_physical/ne_110m_land.zip (Caused by NewConnectionError("HTTPSConnection(host='naturalearth.s3.amazonaws.com', port=443): Failed to establish a new connection: [Errno 101] Network is unreachable"))

During handling of the above exception, another exception occurred:

Traceback (most recent call last):
  File "/g/data/p66/ars599/ENSO_metrics/lib/EnsoUvcdatToolsLib.py", line 2967, in generateLandSeaMask
    land = _regionmask.defined_regions.natural_earth_v5_0_0.land_110
           ^^^^^^^^^^^^^^^^^^^^^^^^^^^^^^^^^^^^^^^^^^^^^^^^^^^^^^^^^
  File "/scratch/p66/ars599/enso_metrics_env/lib/python3.11/site-packages/regionmask/defined_regions/_natural_earth.py", line 287, in land_110
    return self._obtain_ne(_land_110, **opt)
           ^^^^^^^^^^^^^^^^^^^^^^^^^^^^^^^^^
  File "/scratch/p66/ars599/enso_metrics_env/lib/python3.11/site-packages/regionmask/defined_regions/_natural_earth.py", line 240, in _obtain_ne
    df = feature.read(self.version, kwargs.get("bbox"))
         ^^^^^^^^^^^^^^^^^^^^^^^^^^^^^^^^^^^^^^^^^^^^^^
  File "/scratch/p66/ars599/enso_metrics_env/lib/python3.11/site-packages/regionmask/defined_regions/_natural_earth.py", line 154, in read
    shpfilename = self.shapefilename(version=version)
                  ^^^^^^^^^^^^^^^^^^^^^^^^^^^^^^^^^^^
  File "/scratch/p66/ars599/enso_metrics_env/lib/python3.11/site-packages/regionmask/defined_regions/_natural_earth.py", line 146, in shapefilename
    fNs = self.fetch(version)
          ^^^^^^^^^^^^^^^^^^^
  File "/scratch/p66/ars599/enso_metrics_env/lib/python3.11/site-packages/regionmask/defined_regions/_natural_earth.py", line 142, in fetch
    return _fetch_aws(version, self.resolution, self.category, self.name)
           ^^^^^^^^^^^^^^^^^^^^^^^^^^^^^^^^^^^^^^^^^^^^^^^^^^^^^^^^^^^^^^
  File "/scratch/p66/ars599/enso_metrics_env/lib/python3.11/site-packages/regionmask/defined_regions/_natural_earth.py", line 484, in _fetch_aws
    fNs = pooch.retrieve(
          ^^^^^^^^^^^^^^^
  File "/scratch/p66/ars599/enso_metrics_env/lib/python3.11/site-packages/pooch/core.py", line 242, in retrieve
    stream_download(url, full_path, known_hash, downloader, pooch=None)
  File "/scratch/p66/ars599/enso_metrics_env/lib/python3.11/site-packages/pooch/core.py", line 823, in stream_download
    downloader(url, tmp, pooch)
  File "/scratch/p66/ars599/enso_metrics_env/lib/python3.11/site-packages/pooch/downloaders.py", line 230, in __call__
    response = requests.get(url, timeout=timeout, **kwargs)
               ^^^^^^^^^^^^^^^^^^^^^^^^^^^^^^^^^^^^^^^^^^^^
  File "/scratch/p66/ars599/enso_metrics_env/lib/python3.11/site-packages/requests/api.py", line 87, in get
    return request("get", url, params=params, **kwargs)
           ^^^^^^^^^^^^^^^^^^^^^^^^^^^^^^^^^^^^^^^^^^^^
  File "/scratch/p66/ars599/enso_metrics_env/lib/python3.11/site-packages/requests/api.py", line 71, in request
    return session.request(method=method, url=url, **kwargs)
           ^^^^^^^^^^^^^^^^^^^^^^^^^^^^^^^^^^^^^^^^^^^^^^^^^
  File "/scratch/p66/ars599/enso_metrics_env/lib/python3.11/site-packages/requests/sessions.py", line 651, in request
    resp = self.send(prep, **send_kwargs)
           ^^^^^^^^^^^^^^^^^^^^^^^^^^^^^^
  File "/scratch/p66/ars599/enso_metrics_env/lib/python3.11/site-packages/requests/sessions.py", line 784, in send
    r = adapter.send(request, **kwargs)
        ^^^^^^^^^^^^^^^^^^^^^^^^^^^^^^^
  File "/scratch/p66/ars599/enso_metrics_env/lib/python3.11/site-packages/requests/adapters.py", line 729, in send
    raise ConnectionError(e, request=request)
requests.exceptions.ConnectionError: HTTPSConnectionPool(host='naturalearth.s3.amazonaws.com', port=443): Max retries exceeded with url: /5.0.0/110m_physical/ne_110m_land.zip (Caused by NewConnectionError("HTTPSConnection(host='naturalearth.s3.amazonaws.com', port=443): Failed to establish a new connection: [Errno 101] Network is unreachable"))

The above exception was the direct cause of the following exception:

Traceback (most recent call last):
  File "/g/data/p66/ars599/ENSO_metrics/lib/EnsoComputeMetricsLib.py", line 456, in ComputeCollection
    valu, vame, dive, dime = ComputeMetric(
                             ^^^^^^^^^^^^^^
  File "/g/data/p66/ars599/ENSO_metrics/lib/EnsoComputeMetricsLib.py", line 1106, in ComputeMetric
    diagnostic1[output_name] = dict_oneVar_modelAndObs[metric](
                               ^^^^^^^^^^^^^^^^^^^^^^^^^^^^^^^^
  File "/g/data/p66/ars599/ENSO_metrics/lib/EnsoMetricsLib.py", line 1162, in BiasPrLatRmse
    pr_obs, obs_areacell, keyerror_obs = Read_data_mask_area(
                                         ^^^^^^^^^^^^^^^^^^^^
  File "/g/data/p66/ars599/ENSO_metrics/lib/EnsoUvcdatToolsLib.py", line 7406, in Read_data_mask_area
    variable, areacell, keyerror3 = Read_mask_area(
                                    ^^^^^^^^^^^^^^^
  File "/g/data/p66/ars599/ENSO_metrics/lib/EnsoUvcdatToolsLib.py", line 7500, in Read_mask_area
    landmask = ReadLandmaskSelectRegion(tab, file_data, landmaskname=name_mask, box=region, **kwargs)
               ^^^^^^^^^^^^^^^^^^^^^^^^^^^^^^^^^^^^^^^^^^^^^^^^^^^^^^^^^^^^^^^^^^^^^^^^^^^^^^^^^^^^^^
  File "/g/data/p66/ars599/ENSO_metrics/lib/EnsoUvcdatToolsLib.py", line 5728, in ReadLandmaskSelectRegion
    landmask = EstimateLandmask(tab)
               ^^^^^^^^^^^^^^^^^^^^^
  File "/g/data/p66/ars599/ENSO_metrics/lib/EnsoUvcdatToolsLib.py", line 5771, in EstimateLandmask
    sft = cdutil.generateLandSeaMask(d(*(slice(0, 1),) * n),debug=False) * 100.0
          ^^^^^^^^^^^^^^^^^^^^^^^^^^^^^^^^^^^^^^^^^^^^^^^^^^^^^^^^^^^^^^
  File "/g/data/p66/ars599/ENSO_metrics/lib/EnsoUvcdatToolsLib.py", line 3108, in generateLandSeaMask
    raise RuntimeError(
RuntimeError: Land-sea mask generation failed inside regionmask. Original error: ConnectionError: HTTPSConnectionPool(host='naturalearth.s3.amazonaws.com', port=443): Max retries exceeded with url: /5.0.0/110m_physical/ne_110m_land.zip (Caused by NewConnectionError("HTTPSConnection(host='naturalearth.s3.amazonaws.com', port=443): Failed to establish a new connection: [Errno 101] Network is unreachable")). dims=('time', 'lat', 'lon'), coords=['time', 'lat', 'lon'].
Traceback (most recent call last):
  File "/g/data/p66/ars599/ENSO_metrics/lib/EnsoUvcdatToolsLib.py", line 2965, in generateLandSeaMask
    land = _regionmask.defined_regions.natural_earth.land_110
           ^^^^^^^^^^^^^^^^^^^^^^^^^^^^^^^^^^^^^^^^^
  File "/scratch/p66/ars599/enso_metrics_env/lib/python3.11/site-packages/regionmask/defined_regions/__init__.py", line 29, in __getattr__
    raise AttributeError(
AttributeError: The `natural_earth` regions have been removed. Use ``natural_earth_v4_1_0``  or ``natural_earth_v5_0_0`` instead.

During handling of the above exception, another exception occurred:

Traceback (most recent call last):
  File "/scratch/p66/ars599/enso_metrics_env/lib/python3.11/site-packages/urllib3/connection.py", line 239, in _new_conn
    sock = connection.create_connection(
           ^^^^^^^^^^^^^^^^^^^^^^^^^^^^^
  File "/scratch/p66/ars599/enso_metrics_env/lib/python3.11/site-packages/urllib3/util/connection.py", line 85, in create_connection
    raise err
  File "/scratch/p66/ars599/enso_metrics_env/lib/python3.11/site-packages/urllib3/util/connection.py", line 73, in create_connection
    sock.connect(sa)
OSError: [Errno 101] Network is unreachable

The above exception was the direct cause of the following exception:

Traceback (most recent call last):
  File "/scratch/p66/ars599/enso_metrics_env/lib/python3.11/site-packages/urllib3/connectionpool.py", line 793, in urlopen
    response = self._make_request(
               ^^^^^^^^^^^^^^^^^^^
  File "/scratch/p66/ars599/enso_metrics_env/lib/python3.11/site-packages/urllib3/connectionpool.py", line 494, in _make_request
    raise new_e
  File "/scratch/p66/ars599/enso_metrics_env/lib/python3.11/site-packages/urllib3/connectionpool.py", line 470, in _make_request
    self._validate_conn(conn)
  File "/scratch/p66/ars599/enso_metrics_env/lib/python3.11/site-packages/urllib3/connectionpool.py", line 1125, in _validate_conn
    conn.connect()
  File "/scratch/p66/ars599/enso_metrics_env/lib/python3.11/site-packages/urllib3/connection.py", line 827, in connect
    self.sock = sock = self._new_conn()
                       ^^^^^^^^^^^^^^^^
  File "/scratch/p66/ars599/enso_metrics_env/lib/python3.11/site-packages/urllib3/connection.py", line 254, in _new_conn
    raise NewConnectionError(
urllib3.exceptions.NewConnectionError: HTTPSConnection(host='naturalearth.s3.amazonaws.com', port=443): Failed to establish a new connection: [Errno 101] Network is unreachable

The above exception was the direct cause of the following exception:

Traceback (most recent call last):
  File "/scratch/p66/ars599/enso_metrics_env/lib/python3.11/site-packages/requests/adapters.py", line 696, in send
    resp = conn.urlopen(
           ^^^^^^^^^^^^^
  File "/scratch/p66/ars599/enso_metrics_env/lib/python3.11/site-packages/urllib3/connectionpool.py", line 847, in urlopen
    retries = retries.increment(
              ^^^^^^^^^^^^^^^^^^
  File "/scratch/p66/ars599/enso_metrics_env/lib/python3.11/site-packages/urllib3/util/retry.py", line 555, in increment
    raise MaxRetryError(_pool, url, reason) from reason  # type: ignore[arg-type]
    ^^^^^^^^^^^^^^^^^^^^^^^^^^^^^^^^^^^^^^^^^^^^^^^^^^^
urllib3.exceptions.MaxRetryError: HTTPSConnectionPool(host='naturalearth.s3.amazonaws.com', port=443): Max retries exceeded with url: /5.0.0/110m_physical/ne_110m_land.zip (Caused by NewConnectionError("HTTPSConnection(host='naturalearth.s3.amazonaws.com', port=443): Failed to establish a new connection: [Errno 101] Network is unreachable"))

During handling of the above exception, another exception occurred:

Traceback (most recent call last):
  File "/g/data/p66/ars599/ENSO_metrics/lib/EnsoUvcdatToolsLib.py", line 2967, in generateLandSeaMask
    land = _regionmask.defined_regions.natural_earth_v5_0_0.land_110
           ^^^^^^^^^^^^^^^^^^^^^^^^^^^^^^^^^^^^^^^^^^^^^^^^^^^^^^^^^
  File "/scratch/p66/ars599/enso_metrics_env/lib/python3.11/site-packages/regionmask/defined_regions/_natural_earth.py", line 287, in land_110
    return self._obtain_ne(_land_110, **opt)
           ^^^^^^^^^^^^^^^^^^^^^^^^^^^^^^^^^
  File "/scratch/p66/ars599/enso_metrics_env/lib/python3.11/site-packages/regionmask/defined_regions/_natural_earth.py", line 240, in _obtain_ne
    df = feature.read(self.version, kwargs.get("bbox"))
         ^^^^^^^^^^^^^^^^^^^^^^^^^^^^^^^^^^^^^^^^^^^^^^
  File "/scratch/p66/ars599/enso_metrics_env/lib/python3.11/site-packages/regionmask/defined_regions/_natural_earth.py", line 154, in read
    shpfilename = self.shapefilename(version=version)
                  ^^^^^^^^^^^^^^^^^^^^^^^^^^^^^^^^^^^
  File "/scratch/p66/ars599/enso_metrics_env/lib/python3.11/site-packages/regionmask/defined_regions/_natural_earth.py", line 146, in shapefilename
    fNs = self.fetch(version)
          ^^^^^^^^^^^^^^^^^^^
  File "/scratch/p66/ars599/enso_metrics_env/lib/python3.11/site-packages/regionmask/defined_regions/_natural_earth.py", line 142, in fetch
    return _fetch_aws(version, self.resolution, self.category, self.name)
           ^^^^^^^^^^^^^^^^^^^^^^^^^^^^^^^^^^^^^^^^^^^^^^^^^^^^^^^^^^^^^^
  File "/scratch/p66/ars599/enso_metrics_env/lib/python3.11/site-packages/regionmask/defined_regions/_natural_earth.py", line 484, in _fetch_aws
    fNs = pooch.retrieve(
          ^^^^^^^^^^^^^^^
  File "/scratch/p66/ars599/enso_metrics_env/lib/python3.11/site-packages/pooch/core.py", line 242, in retrieve
    stream_download(url, full_path, known_hash, downloader, pooch=None)
  File "/scratch/p66/ars599/enso_metrics_env/lib/python3.11/site-packages/pooch/core.py", line 823, in stream_download
    downloader(url, tmp, pooch)
  File "/scratch/p66/ars599/enso_metrics_env/lib/python3.11/site-packages/pooch/downloaders.py", line 230, in __call__
    response = requests.get(url, timeout=timeout, **kwargs)
               ^^^^^^^^^^^^^^^^^^^^^^^^^^^^^^^^^^^^^^^^^^^^
  File "/scratch/p66/ars599/enso_metrics_env/lib/python3.11/site-packages/requests/api.py", line 87, in get
    return request("get", url, params=params, **kwargs)
           ^^^^^^^^^^^^^^^^^^^^^^^^^^^^^^^^^^^^^^^^^^^^
  File "/scratch/p66/ars599/enso_metrics_env/lib/python3.11/site-packages/requests/api.py", line 71, in request
    return session.request(method=method, url=url, **kwargs)
           ^^^^^^^^^^^^^^^^^^^^^^^^^^^^^^^^^^^^^^^^^^^^^^^^^
  File "/scratch/p66/ars599/enso_metrics_env/lib/python3.11/site-packages/requests/sessions.py", line 651, in request
    resp = self.send(prep, **send_kwargs)
           ^^^^^^^^^^^^^^^^^^^^^^^^^^^^^^
  File "/scratch/p66/ars599/enso_metrics_env/lib/python3.11/site-packages/requests/sessions.py", line 784, in send
    r = adapter.send(request, **kwargs)
        ^^^^^^^^^^^^^^^^^^^^^^^^^^^^^^^
  File "/scratch/p66/ars599/enso_metrics_env/lib/python3.11/site-packages/requests/adapters.py", line 729, in send
    raise ConnectionError(e, request=request)
requests.exceptions.ConnectionError: HTTPSConnectionPool(host='naturalearth.s3.amazonaws.com', port=443): Max retries exceeded with url: /5.0.0/110m_physical/ne_110m_land.zip (Caused by NewConnectionError("HTTPSConnection(host='naturalearth.s3.amazonaws.com', port=443): Failed to establish a new connection: [Errno 101] Network is unreachable"))

The above exception was the direct cause of the following exception:

Traceback (most recent call last):
  File "/g/data/p66/ars599/ENSO_metrics/lib/EnsoComputeMetricsLib.py", line 456, in ComputeCollection
    valu, vame, dive, dime = ComputeMetric(
                             ^^^^^^^^^^^^^^
  File "/g/data/p66/ars599/ENSO_metrics/lib/EnsoComputeMetricsLib.py", line 1106, in ComputeMetric
    diagnostic1[output_name] = dict_oneVar_modelAndObs[metric](
                               ^^^^^^^^^^^^^^^^^^^^^^^^^^^^^^^^
  File "/g/data/p66/ars599/ENSO_metrics/lib/EnsoMetricsLib.py", line 1443, in BiasPrLonRmse
    Read_data_mask_area(prfileobs, prnameobs, 'precipitations', metric, box, file_area=prareafileobs,
  File "/g/data/p66/ars599/ENSO_metrics/lib/EnsoUvcdatToolsLib.py", line 7406, in Read_data_mask_area
    variable, areacell, keyerror3 = Read_mask_area(
                                    ^^^^^^^^^^^^^^^
  File "/g/data/p66/ars599/ENSO_metrics/lib/EnsoUvcdatToolsLib.py", line 7500, in Read_mask_area
    landmask = ReadLandmaskSelectRegion(tab, file_data, landmaskname=name_mask, box=region, **kwargs)
               ^^^^^^^^^^^^^^^^^^^^^^^^^^^^^^^^^^^^^^^^^^^^^^^^^^^^^^^^^^^^^^^^^^^^^^^^^^^^^^^^^^^^^^
  File "/g/data/p66/ars599/ENSO_metrics/lib/EnsoUvcdatToolsLib.py", line 5728, in ReadLandmaskSelectRegion
    landmask = EstimateLandmask(tab)
               ^^^^^^^^^^^^^^^^^^^^^
  File "/g/data/p66/ars599/ENSO_metrics/lib/EnsoUvcdatToolsLib.py", line 5771, in EstimateLandmask
    sft = cdutil.generateLandSeaMask(d(*(slice(0, 1),) * n),debug=False) * 100.0
          ^^^^^^^^^^^^^^^^^^^^^^^^^^^^^^^^^^^^^^^^^^^^^^^^^^^^^^^^^^^^^^
  File "/g/data/p66/ars599/ENSO_metrics/lib/EnsoUvcdatToolsLib.py", line 3108, in generateLandSeaMask
    raise RuntimeError(
RuntimeError: Land-sea mask generation failed inside regionmask. Original error: ConnectionError: HTTPSConnectionPool(host='naturalearth.s3.amazonaws.com', port=443): Max retries exceeded with url: /5.0.0/110m_physical/ne_110m_land.zip (Caused by NewConnectionError("HTTPSConnection(host='naturalearth.s3.amazonaws.com', port=443): Failed to establish a new connection: [Errno 101] Network is unreachable")). dims=('time', 'lat', 'lon'), coords=['time', 'lat', 'lon'].
/g/data/p66/ars599/ENSO_metrics/lib/EnsoUvcdatToolsLib.py:7406: UserWarning: areacell is None for variable 'tos'; synthesising cosine-latitude weights. Provide areacella/sftlf for accurate spatial averages.
  variable, areacell, keyerror3 = Read_mask_area(
/g/data/p66/ars599/ENSO_metrics/lib/EnsoMetricsLib.py:3065: UserWarning: areacell is None for variable 'unknown'; synthesising cosine-latitude weights. Provide areacella/sftlf for accurate spatial averages.
  sst_mod, keyerror_mod = AverageMeridional(sst_mod)
/g/data/p66/ars599/ENSO_metrics/lib/EnsoMetricsLib.py:3066: UserWarning: areacell is None for variable 'unknown'; synthesising cosine-latitude weights. Provide areacella/sftlf for accurate spatial averages.
  sst_obs, keyerror_obs = AverageMeridional(sst_obs)
/g/data/p66/ars599/ENSO_metrics/lib/EnsoUvcdatToolsLib.py:7406: UserWarning: areacell is None for variable 'tos'; synthesising cosine-latitude weights. Provide areacella/sftlf for accurate spatial averages.
  variable, areacell, keyerror3 = Read_mask_area(
/g/data/p66/ars599/ENSO_metrics/lib/EnsoUvcdatToolsLib.py:7406: UserWarning: areacell is None for variable 'tos'; synthesising cosine-latitude weights. Provide areacella/sftlf for accurate spatial averages.
  variable, areacell, keyerror3 = Read_mask_area(
/g/data/p66/ars599/ENSO_metrics/lib/EnsoMetricsLib.py:3065: UserWarning: areacell is None for variable 'unknown'; synthesising cosine-latitude weights. Provide areacella/sftlf for accurate spatial averages.
  sst_mod, keyerror_mod = AverageMeridional(sst_mod)
/g/data/p66/ars599/ENSO_metrics/lib/EnsoMetricsLib.py:3066: UserWarning: areacell is None for variable 'unknown'; synthesising cosine-latitude weights. Provide areacella/sftlf for accurate spatial averages.
  sst_obs, keyerror_obs = AverageMeridional(sst_obs)
/g/data/p66/ars599/ENSO_metrics/lib/EnsoUvcdatToolsLib.py:7406: UserWarning: areacell is None for variable 'tos'; synthesising cosine-latitude weights. Provide areacella/sftlf for accurate spatial averages.
  variable, areacell, keyerror3 = Read_mask_area(
/g/data/p66/ars599/ENSO_metrics/lib/EnsoUvcdatToolsLib.py:5552: UserWarning: areacell is None for variable 'tauu'; synthesising cosine-latitude weights. Provide areacella/sftlf for accurate spatial averages.
  taux, keyerror = AverageHorizontal(taux, region="nino4")
Traceback (most recent call last):
  File "/g/data/p66/ars599/ENSO_metrics/lib/EnsoUvcdatToolsLib.py", line 2965, in generateLandSeaMask
    land = _regionmask.defined_regions.natural_earth.land_110
           ^^^^^^^^^^^^^^^^^^^^^^^^^^^^^^^^^^^^^^^^^
  File "/scratch/p66/ars599/enso_metrics_env/lib/python3.11/site-packages/regionmask/defined_regions/__init__.py", line 29, in __getattr__
    raise AttributeError(
AttributeError: The `natural_earth` regions have been removed. Use ``natural_earth_v4_1_0``  or ``natural_earth_v5_0_0`` instead.

During handling of the above exception, another exception occurred:

Traceback (most recent call last):
  File "/scratch/p66/ars599/enso_metrics_env/lib/python3.11/site-packages/urllib3/connection.py", line 239, in _new_conn
    sock = connection.create_connection(
           ^^^^^^^^^^^^^^^^^^^^^^^^^^^^^
  File "/scratch/p66/ars599/enso_metrics_env/lib/python3.11/site-packages/urllib3/util/connection.py", line 85, in create_connection
    raise err
  File "/scratch/p66/ars599/enso_metrics_env/lib/python3.11/site-packages/urllib3/util/connection.py", line 73, in create_connection
    sock.connect(sa)
OSError: [Errno 101] Network is unreachable

The above exception was the direct cause of the following exception:

Traceback (most recent call last):
  File "/scratch/p66/ars599/enso_metrics_env/lib/python3.11/site-packages/urllib3/connectionpool.py", line 793, in urlopen
    response = self._make_request(
               ^^^^^^^^^^^^^^^^^^^
  File "/scratch/p66/ars599/enso_metrics_env/lib/python3.11/site-packages/urllib3/connectionpool.py", line 494, in _make_request
    raise new_e
  File "/scratch/p66/ars599/enso_metrics_env/lib/python3.11/site-packages/urllib3/connectionpool.py", line 470, in _make_request
    self._validate_conn(conn)
  File "/scratch/p66/ars599/enso_metrics_env/lib/python3.11/site-packages/urllib3/connectionpool.py", line 1125, in _validate_conn
    conn.connect()
  File "/scratch/p66/ars599/enso_metrics_env/lib/python3.11/site-packages/urllib3/connection.py", line 827, in connect
    self.sock = sock = self._new_conn()
                       ^^^^^^^^^^^^^^^^
  File "/scratch/p66/ars599/enso_metrics_env/lib/python3.11/site-packages/urllib3/connection.py", line 254, in _new_conn
    raise NewConnectionError(
urllib3.exceptions.NewConnectionError: HTTPSConnection(host='naturalearth.s3.amazonaws.com', port=443): Failed to establish a new connection: [Errno 101] Network is unreachable

The above exception was the direct cause of the following exception:

Traceback (most recent call last):
  File "/scratch/p66/ars599/enso_metrics_env/lib/python3.11/site-packages/requests/adapters.py", line 696, in send
    resp = conn.urlopen(
           ^^^^^^^^^^^^^
  File "/scratch/p66/ars599/enso_metrics_env/lib/python3.11/site-packages/urllib3/connectionpool.py", line 847, in urlopen
    retries = retries.increment(
              ^^^^^^^^^^^^^^^^^^
  File "/scratch/p66/ars599/enso_metrics_env/lib/python3.11/site-packages/urllib3/util/retry.py", line 555, in increment
    raise MaxRetryError(_pool, url, reason) from reason  # type: ignore[arg-type]
    ^^^^^^^^^^^^^^^^^^^^^^^^^^^^^^^^^^^^^^^^^^^^^^^^^^^
urllib3.exceptions.MaxRetryError: HTTPSConnectionPool(host='naturalearth.s3.amazonaws.com', port=443): Max retries exceeded with url: /5.0.0/110m_physical/ne_110m_land.zip (Caused by NewConnectionError("HTTPSConnection(host='naturalearth.s3.amazonaws.com', port=443): Failed to establish a new connection: [Errno 101] Network is unreachable"))

During handling of the above exception, another exception occurred:

Traceback (most recent call last):
  File "/g/data/p66/ars599/ENSO_metrics/lib/EnsoUvcdatToolsLib.py", line 2967, in generateLandSeaMask
    land = _regionmask.defined_regions.natural_earth_v5_0_0.land_110
           ^^^^^^^^^^^^^^^^^^^^^^^^^^^^^^^^^^^^^^^^^^^^^^^^^^^^^^^^^
  File "/scratch/p66/ars599/enso_metrics_env/lib/python3.11/site-packages/regionmask/defined_regions/_natural_earth.py", line 287, in land_110
    return self._obtain_ne(_land_110, **opt)
           ^^^^^^^^^^^^^^^^^^^^^^^^^^^^^^^^^
  File "/scratch/p66/ars599/enso_metrics_env/lib/python3.11/site-packages/regionmask/defined_regions/_natural_earth.py", line 240, in _obtain_ne
    df = feature.read(self.version, kwargs.get("bbox"))
         ^^^^^^^^^^^^^^^^^^^^^^^^^^^^^^^^^^^^^^^^^^^^^^
  File "/scratch/p66/ars599/enso_metrics_env/lib/python3.11/site-packages/regionmask/defined_regions/_natural_earth.py", line 154, in read
    shpfilename = self.shapefilename(version=version)
                  ^^^^^^^^^^^^^^^^^^^^^^^^^^^^^^^^^^^
  File "/scratch/p66/ars599/enso_metrics_env/lib/python3.11/site-packages/regionmask/defined_regions/_natural_earth.py", line 146, in shapefilename
    fNs = self.fetch(version)
          ^^^^^^^^^^^^^^^^^^^
  File "/scratch/p66/ars599/enso_metrics_env/lib/python3.11/site-packages/regionmask/defined_regions/_natural_earth.py", line 142, in fetch
    return _fetch_aws(version, self.resolution, self.category, self.name)
           ^^^^^^^^^^^^^^^^^^^^^^^^^^^^^^^^^^^^^^^^^^^^^^^^^^^^^^^^^^^^^^
  File "/scratch/p66/ars599/enso_metrics_env/lib/python3.11/site-packages/regionmask/defined_regions/_natural_earth.py", line 484, in _fetch_aws
    fNs = pooch.retrieve(
          ^^^^^^^^^^^^^^^
  File "/scratch/p66/ars599/enso_metrics_env/lib/python3.11/site-packages/pooch/core.py", line 242, in retrieve
    stream_download(url, full_path, known_hash, downloader, pooch=None)
  File "/scratch/p66/ars599/enso_metrics_env/lib/python3.11/site-packages/pooch/core.py", line 823, in stream_download
    downloader(url, tmp, pooch)
  File "/scratch/p66/ars599/enso_metrics_env/lib/python3.11/site-packages/pooch/downloaders.py", line 230, in __call__
    response = requests.get(url, timeout=timeout, **kwargs)
               ^^^^^^^^^^^^^^^^^^^^^^^^^^^^^^^^^^^^^^^^^^^^
  File "/scratch/p66/ars599/enso_metrics_env/lib/python3.11/site-packages/requests/api.py", line 87, in get
    return request("get", url, params=params, **kwargs)
           ^^^^^^^^^^^^^^^^^^^^^^^^^^^^^^^^^^^^^^^^^^^^
  File "/scratch/p66/ars599/enso_metrics_env/lib/python3.11/site-packages/requests/api.py", line 71, in request
    return session.request(method=method, url=url, **kwargs)
           ^^^^^^^^^^^^^^^^^^^^^^^^^^^^^^^^^^^^^^^^^^^^^^^^^
  File "/scratch/p66/ars599/enso_metrics_env/lib/python3.11/site-packages/requests/sessions.py", line 651, in request
    resp = self.send(prep, **send_kwargs)
           ^^^^^^^^^^^^^^^^^^^^^^^^^^^^^^
  File "/scratch/p66/ars599/enso_metrics_env/lib/python3.11/site-packages/requests/sessions.py", line 784, in send
    r = adapter.send(request, **kwargs)
        ^^^^^^^^^^^^^^^^^^^^^^^^^^^^^^^
  File "/scratch/p66/ars599/enso_metrics_env/lib/python3.11/site-packages/requests/adapters.py", line 729, in send
    raise ConnectionError(e, request=request)
requests.exceptions.ConnectionError: HTTPSConnectionPool(host='naturalearth.s3.amazonaws.com', port=443): Max retries exceeded with url: /5.0.0/110m_physical/ne_110m_land.zip (Caused by NewConnectionError("HTTPSConnection(host='naturalearth.s3.amazonaws.com', port=443): Failed to establish a new connection: [Errno 101] Network is unreachable"))

The above exception was the direct cause of the following exception:

Traceback (most recent call last):
  File "/g/data/p66/ars599/ENSO_metrics/lib/EnsoComputeMetricsLib.py", line 456, in ComputeCollection
    valu, vame, dive, dime = ComputeMetric(
                             ^^^^^^^^^^^^^^
  File "/g/data/p66/ars599/ENSO_metrics/lib/EnsoComputeMetricsLib.py", line 1106, in ComputeMetric
    diagnostic1[output_name] = dict_oneVar_modelAndObs[metric](
                               ^^^^^^^^^^^^^^^^^^^^^^^^^^^^^^^^
  File "/g/data/p66/ars599/ENSO_metrics/lib/EnsoMetricsLib.py", line 4103, in BiasTauxLonRmse
    Read_data_mask_area(tauxfilemod, tauxnamemod, 'wind stress', metric, box, file_area=tauxareafilemod,
  File "/g/data/p66/ars599/ENSO_metrics/lib/EnsoUvcdatToolsLib.py", line 7406, in Read_data_mask_area
    variable, areacell, keyerror3 = Read_mask_area(
                                    ^^^^^^^^^^^^^^^
  File "/g/data/p66/ars599/ENSO_metrics/lib/EnsoUvcdatToolsLib.py", line 7498, in Read_mask_area
    landmask = ReadLandmaskSelectRegion(tab, file_mask, landmaskname=name_mask, box=region, **kwargs)
               ^^^^^^^^^^^^^^^^^^^^^^^^^^^^^^^^^^^^^^^^^^^^^^^^^^^^^^^^^^^^^^^^^^^^^^^^^^^^^^^^^^^^^^
  File "/g/data/p66/ars599/ENSO_metrics/lib/EnsoUvcdatToolsLib.py", line 5728, in ReadLandmaskSelectRegion
    landmask = EstimateLandmask(tab)
               ^^^^^^^^^^^^^^^^^^^^^
  File "/g/data/p66/ars599/ENSO_metrics/lib/EnsoUvcdatToolsLib.py", line 5771, in EstimateLandmask
    sft = cdutil.generateLandSeaMask(d(*(slice(0, 1),) * n),debug=False) * 100.0
          ^^^^^^^^^^^^^^^^^^^^^^^^^^^^^^^^^^^^^^^^^^^^^^^^^^^^^^^^^^^^^^
  File "/g/data/p66/ars599/ENSO_metrics/lib/EnsoUvcdatToolsLib.py", line 3108, in generateLandSeaMask
    raise RuntimeError(
RuntimeError: Land-sea mask generation failed inside regionmask. Original error: ConnectionError: HTTPSConnectionPool(host='naturalearth.s3.amazonaws.com', port=443): Max retries exceeded with url: /5.0.0/110m_physical/ne_110m_land.zip (Caused by NewConnectionError("HTTPSConnection(host='naturalearth.s3.amazonaws.com', port=443): Failed to establish a new connection: [Errno 101] Network is unreachable")). dims=('time', 'lat', 'lon'), coords=['time', 'lat', 'lon'].
/g/data/p66/ars599/ENSO_metrics/lib/EnsoMetricsLib.py:6950: UserWarning: areacell is None for variable 'unknown'; synthesising cosine-latitude weights. Provide areacella/sftlf for accurate spatial averages.
  sst2, keyerror = AverageMeridional(sst2)
/g/data/p66/ars599/ENSO_metrics/lib/EnsoUvcdatToolsLib.py:7406: UserWarning: areacell is None for variable 'tos'; synthesising cosine-latitude weights. Provide areacella/sftlf for accurate spatial averages.
  variable, areacell, keyerror3 = Read_mask_area(
/g/data/p66/ars599/ENSO_metrics/lib/EnsoUvcdatToolsLib.py:7303: UserWarning: areacell is None for variable 'unknown'; synthesising cosine-latitude weights. Provide areacella/sftlf for accurate spatial averages.
  tab, keyerror = dict_average[average](tab, areacell, region=region, **kwargs)
/g/data/p66/ars599/ENSO_metrics/lib/EnsoUvcdatToolsLib.py:7406: UserWarning: areacell is None for variable 'tos'; synthesising cosine-latitude weights. Provide areacella/sftlf for accurate spatial averages.
  variable, areacell, keyerror3 = Read_mask_area(
/g/data/p66/ars599/ENSO_metrics/lib/EnsoUvcdatToolsLib.py:7406: UserWarning: areacell is None for variable 'tos'; synthesising cosine-latitude weights. Provide areacella/sftlf for accurate spatial averages.
  variable, areacell, keyerror3 = Read_mask_area(
/g/data/p66/ars599/ENSO_metrics/lib/EnsoMetricsLib.py:6950: UserWarning: areacell is None for variable 'unknown'; synthesising cosine-latitude weights. Provide areacella/sftlf for accurate spatial averages.
  sst2, keyerror = AverageMeridional(sst2)
/g/data/p66/ars599/ENSO_metrics/lib/EnsoUvcdatToolsLib.py:7406: UserWarning: areacell is None for variable 'tos'; synthesising cosine-latitude weights. Provide areacella/sftlf for accurate spatial averages.
  variable, areacell, keyerror3 = Read_mask_area(
/g/data/p66/ars599/ENSO_metrics/lib/EnsoUvcdatToolsLib.py:7303: UserWarning: areacell is None for variable 'unknown'; synthesising cosine-latitude weights. Provide areacella/sftlf for accurate spatial averages.
  tab, keyerror = dict_average[average](tab, areacell, region=region, **kwargs)
/g/data/p66/ars599/ENSO_metrics/lib/EnsoUvcdatToolsLib.py:7406: UserWarning: areacell is None for variable 'tos'; synthesising cosine-latitude weights. Provide areacella/sftlf for accurate spatial averages.
  variable, areacell, keyerror3 = Read_mask_area(
/g/data/p66/ars599/ENSO_metrics/lib/EnsoUvcdatToolsLib.py:7406: UserWarning: areacell is None for variable 'tos'; synthesising cosine-latitude weights. Provide areacella/sftlf for accurate spatial averages.
  variable, areacell, keyerror3 = Read_mask_area(
/g/data/p66/ars599/ENSO_metrics/lib/EnsoMetricsLib.py:6950: UserWarning: areacell is None for variable 'unknown'; synthesising cosine-latitude weights. Provide areacella/sftlf for accurate spatial averages.
  sst2, keyerror = AverageMeridional(sst2)
/g/data/p66/ars599/ENSO_metrics/lib/EnsoUvcdatToolsLib.py:7406: UserWarning: areacell is None for variable 'tos'; synthesising cosine-latitude weights. Provide areacella/sftlf for accurate spatial averages.
  variable, areacell, keyerror3 = Read_mask_area(
/g/data/p66/ars599/ENSO_metrics/lib/EnsoUvcdatToolsLib.py:7303: UserWarning: areacell is None for variable 'unknown'; synthesising cosine-latitude weights. Provide areacella/sftlf for accurate spatial averages.
  tab, keyerror = dict_average[average](tab, areacell, region=region, **kwargs)
/g/data/p66/ars599/ENSO_metrics/lib/EnsoUvcdatToolsLib.py:7303: UserWarning: areacell is None for variable 'unknown'; synthesising cosine-latitude weights. Provide areacella/sftlf for accurate spatial averages.
  tab, keyerror = dict_average[average](tab, areacell, region=region, **kwargs)
/g/data/p66/ars599/ENSO_metrics/lib/EnsoUvcdatToolsLib.py:7406: UserWarning: areacell is None for variable 'tos'; synthesising cosine-latitude weights. Provide areacella/sftlf for accurate spatial averages.
  variable, areacell, keyerror3 = Read_mask_area(
/g/data/p66/ars599/ENSO_metrics/lib/EnsoUvcdatToolsLib.py:7303: UserWarning: areacell is None for variable 'unknown'; synthesising cosine-latitude weights. Provide areacella/sftlf for accurate spatial averages.
  tab, keyerror = dict_average[average](tab, areacell, region=region, **kwargs)
/g/data/p66/ars599/ENSO_metrics/lib/EnsoUvcdatToolsLib.py:7303: UserWarning: areacell is None for variable 'unknown'; synthesising cosine-latitude weights. Provide areacella/sftlf for accurate spatial averages.
  tab, keyerror = dict_average[average](tab, areacell, region=region, **kwargs)
/g/data/p66/ars599/ENSO_metrics/lib/EnsoMetricsLib.py:11532: UserWarning: areacell is None for variable 'unknown'; synthesising cosine-latitude weights. Provide areacella/sftlf for accurate spatial averages.
  sst2, keyerror1 = AverageMeridional(sst2)
/g/data/p66/ars599/ENSO_metrics/lib/EnsoMetricsLib.py:11533: UserWarning: areacell is None for variable 'unknown'; synthesising cosine-latitude weights. Provide areacella/sftlf for accurate spatial averages.
  sst3_NDJ, keyerror2 = AverageMeridional(sst3_NDJ)
/g/data/p66/ars599/ENSO_metrics/lib/EnsoMetricsLib.py:11534: UserWarning: areacell is None for variable 'unknown'; synthesising cosine-latitude weights. Provide areacella/sftlf for accurate spatial averages.
  sst3_MAM, keyerror3 = AverageMeridional(sst3_MAM)
/g/data/p66/ars599/ENSO_metrics/lib/EnsoUvcdatToolsLib.py:7406: UserWarning: areacell is None for variable 'tos'; synthesising cosine-latitude weights. Provide areacella/sftlf for accurate spatial averages.
  variable, areacell, keyerror3 = Read_mask_area(
/g/data/p66/ars599/ENSO_metrics/lib/EnsoUvcdatToolsLib.py:7303: UserWarning: areacell is None for variable 'unknown'; synthesising cosine-latitude weights. Provide areacella/sftlf for accurate spatial averages.
  tab, keyerror = dict_average[average](tab, areacell, region=region, **kwargs)
/g/data/p66/ars599/ENSO_metrics/lib/EnsoUvcdatToolsLib.py:7303: UserWarning: areacell is None for variable 'unknown'; synthesising cosine-latitude weights. Provide areacella/sftlf for accurate spatial averages.
  tab, keyerror = dict_average[average](tab, areacell, region=region, **kwargs)
/g/data/p66/ars599/ENSO_metrics/lib/EnsoUvcdatToolsLib.py:7406: UserWarning: areacell is None for variable 'tos'; synthesising cosine-latitude weights. Provide areacella/sftlf for accurate spatial averages.
  variable, areacell, keyerror3 = Read_mask_area(
/g/data/p66/ars599/ENSO_metrics/lib/EnsoUvcdatToolsLib.py:7406: UserWarning: areacell is None for variable 'tos'; synthesising cosine-latitude weights. Provide areacella/sftlf for accurate spatial averages.
  variable, areacell, keyerror3 = Read_mask_area(
/g/data/p66/ars599/ENSO_metrics/lib/EnsoMetricsLib.py:11532: UserWarning: areacell is None for variable 'unknown'; synthesising cosine-latitude weights. Provide areacella/sftlf for accurate spatial averages.
  sst2, keyerror1 = AverageMeridional(sst2)
/g/data/p66/ars599/ENSO_metrics/lib/EnsoMetricsLib.py:11533: UserWarning: areacell is None for variable 'unknown'; synthesising cosine-latitude weights. Provide areacella/sftlf for accurate spatial averages.
  sst3_NDJ, keyerror2 = AverageMeridional(sst3_NDJ)
/g/data/p66/ars599/ENSO_metrics/lib/EnsoMetricsLib.py:11534: UserWarning: areacell is None for variable 'unknown'; synthesising cosine-latitude weights. Provide areacella/sftlf for accurate spatial averages.
  sst3_MAM, keyerror3 = AverageMeridional(sst3_MAM)
/g/data/p66/ars599/ENSO_metrics/lib/EnsoUvcdatToolsLib.py:7406: UserWarning: areacell is None for variable 'tos'; synthesising cosine-latitude weights. Provide areacella/sftlf for accurate spatial averages.
  variable, areacell, keyerror3 = Read_mask_area(
/g/data/p66/ars599/ENSO_metrics/lib/EnsoUvcdatToolsLib.py:7303: UserWarning: areacell is None for variable 'unknown'; synthesising cosine-latitude weights. Provide areacella/sftlf for accurate spatial averages.
  tab, keyerror = dict_average[average](tab, areacell, region=region, **kwargs)
/g/data/p66/ars599/ENSO_metrics/lib/EnsoUvcdatToolsLib.py:7303: UserWarning: areacell is None for variable 'unknown'; synthesising cosine-latitude weights. Provide areacella/sftlf for accurate spatial averages.
  tab, keyerror = dict_average[average](tab, areacell, region=region, **kwargs)
/g/data/p66/ars599/ENSO_metrics/lib/EnsoUvcdatToolsLib.py:7406: UserWarning: areacell is None for variable 'tos'; synthesising cosine-latitude weights. Provide areacella/sftlf for accurate spatial averages.
  variable, areacell, keyerror3 = Read_mask_area(
/g/data/p66/ars599/ENSO_metrics/lib/EnsoUvcdatToolsLib.py:7406: UserWarning: areacell is None for variable 'tos'; synthesising cosine-latitude weights. Provide areacella/sftlf for accurate spatial averages.
  variable, areacell, keyerror3 = Read_mask_area(
/g/data/p66/ars599/ENSO_metrics/lib/EnsoMetricsLib.py:11532: UserWarning: areacell is None for variable 'unknown'; synthesising cosine-latitude weights. Provide areacella/sftlf for accurate spatial averages.
  sst2, keyerror1 = AverageMeridional(sst2)
/g/data/p66/ars599/ENSO_metrics/lib/EnsoMetricsLib.py:11533: UserWarning: areacell is None for variable 'unknown'; synthesising cosine-latitude weights. Provide areacella/sftlf for accurate spatial averages.
  sst3_NDJ, keyerror2 = AverageMeridional(sst3_NDJ)
/g/data/p66/ars599/ENSO_metrics/lib/EnsoMetricsLib.py:11534: UserWarning: areacell is None for variable 'unknown'; synthesising cosine-latitude weights. Provide areacella/sftlf for accurate spatial averages.
  sst3_MAM, keyerror3 = AverageMeridional(sst3_MAM)
/g/data/p66/ars599/ENSO_metrics/lib/EnsoMetricsLib.py:11783: UserWarning: areacell is None for variable 'unknown'; synthesising cosine-latitude weights. Provide areacella/sftlf for accurate spatial averages.
  sstlon, keyerror = AverageMeridional(sstmap)
/g/data/p66/ars599/ENSO_metrics/lib/EnsoUvcdatToolsLib.py:7406: UserWarning: areacell is None for variable 'tos'; synthesising cosine-latitude weights. Provide areacella/sftlf for accurate spatial averages.
  variable, areacell, keyerror3 = Read_mask_area(
/g/data/p66/ars599/ENSO_metrics/lib/EnsoUvcdatToolsLib.py:7406: UserWarning: areacell is None for variable 'tos'; synthesising cosine-latitude weights. Provide areacella/sftlf for accurate spatial averages.
  variable, areacell, keyerror3 = Read_mask_area(
/g/data/p66/ars599/ENSO_metrics/lib/EnsoUvcdatToolsLib.py:7303: UserWarning: areacell is None for variable 'unknown'; synthesising cosine-latitude weights. Provide areacella/sftlf for accurate spatial averages.
  tab, keyerror = dict_average[average](tab, areacell, region=region, **kwargs)
/g/data/p66/ars599/ENSO_metrics/lib/EnsoMetricsLib.py:11783: UserWarning: areacell is None for variable 'unknown'; synthesising cosine-latitude weights. Provide areacella/sftlf for accurate spatial averages.
  sstlon, keyerror = AverageMeridional(sstmap)
/g/data/p66/ars599/ENSO_metrics/lib/EnsoUvcdatToolsLib.py:7406: UserWarning: areacell is None for variable 'tos'; synthesising cosine-latitude weights. Provide areacella/sftlf for accurate spatial averages.
  variable, areacell, keyerror3 = Read_mask_area(
/g/data/p66/ars599/ENSO_metrics/lib/EnsoUvcdatToolsLib.py:7406: UserWarning: areacell is None for variable 'tos'; synthesising cosine-latitude weights. Provide areacella/sftlf for accurate spatial averages.
  variable, areacell, keyerror3 = Read_mask_area(
/g/data/p66/ars599/ENSO_metrics/lib/EnsoUvcdatToolsLib.py:7303: UserWarning: areacell is None for variable 'unknown'; synthesising cosine-latitude weights. Provide areacella/sftlf for accurate spatial averages.
  tab, keyerror = dict_average[average](tab, areacell, region=region, **kwargs)
/g/data/p66/ars599/ENSO_metrics/lib/EnsoMetricsLib.py:11783: UserWarning: areacell is None for variable 'unknown'; synthesising cosine-latitude weights. Provide areacella/sftlf for accurate spatial averages.
  sstlon, keyerror = AverageMeridional(sstmap)
/g/data/p66/ars599/ENSO_metrics/lib/EnsoUvcdatToolsLib.py:7406: UserWarning: areacell is None for variable 'tos'; synthesising cosine-latitude weights. Provide areacella/sftlf for accurate spatial averages.
  variable, areacell, keyerror3 = Read_mask_area(
/g/data/p66/ars599/ENSO_metrics/lib/EnsoUvcdatToolsLib.py:7406: UserWarning: areacell is None for variable 'tos'; synthesising cosine-latitude weights. Provide areacella/sftlf for accurate spatial averages.
  variable, areacell, keyerror3 = Read_mask_area(
/g/data/p66/ars599/ENSO_metrics/lib/EnsoUvcdatToolsLib.py:7303: UserWarning: areacell is None for variable 'unknown'; synthesising cosine-latitude weights. Provide areacella/sftlf for accurate spatial averages.
  tab, keyerror = dict_average[average](tab, areacell, region=region, **kwargs)
/g/data/p66/ars599/ENSO_metrics/lib/EnsoMetricsLib.py:14907: UserWarning: areacell is None for variable 'unknown'; synthesising cosine-latitude weights. Provide areacella/sftlf for accurate spatial averages.
  sstlon_mod, keyerror_mod = AverageMeridional(sstmap_mod)
/g/data/p66/ars599/ENSO_metrics/lib/EnsoMetricsLib.py:14908: UserWarning: areacell is None for variable 'unknown'; synthesising cosine-latitude weights. Provide areacella/sftlf for accurate spatial averages.
  sstlon_obs, keyerror_obs = AverageMeridional(sstmap_obs)
/g/data/p66/ars599/ENSO_metrics/lib/EnsoUvcdatToolsLib.py:7406: UserWarning: areacell is None for variable 'tos'; synthesising cosine-latitude weights. Provide areacella/sftlf for accurate spatial averages.
  variable, areacell, keyerror3 = Read_mask_area(
/g/data/p66/ars599/ENSO_metrics/lib/EnsoUvcdatToolsLib.py:7406: UserWarning: areacell is None for variable 'tos'; synthesising cosine-latitude weights. Provide areacella/sftlf for accurate spatial averages.
  variable, areacell, keyerror3 = Read_mask_area(
/g/data/p66/ars599/ENSO_metrics/lib/EnsoUvcdatToolsLib.py:7406: UserWarning: areacell is None for variable 'tos'; synthesising cosine-latitude weights. Provide areacella/sftlf for accurate spatial averages.
  variable, areacell, keyerror3 = Read_mask_area(
/g/data/p66/ars599/ENSO_metrics/lib/EnsoUvcdatToolsLib.py:7303: UserWarning: areacell is None for variable 'unknown'; synthesising cosine-latitude weights. Provide areacella/sftlf for accurate spatial averages.
  tab, keyerror = dict_average[average](tab, areacell, region=region, **kwargs)
/g/data/p66/ars599/ENSO_metrics/lib/EnsoMetricsLib.py:14907: UserWarning: areacell is None for variable 'unknown'; synthesising cosine-latitude weights. Provide areacella/sftlf for accurate spatial averages.
  sstlon_mod, keyerror_mod = AverageMeridional(sstmap_mod)
/g/data/p66/ars599/ENSO_metrics/lib/EnsoMetricsLib.py:14908: UserWarning: areacell is None for variable 'unknown'; synthesising cosine-latitude weights. Provide areacella/sftlf for accurate spatial averages.
  sstlon_obs, keyerror_obs = AverageMeridional(sstmap_obs)
/g/data/p66/ars599/ENSO_metrics/lib/EnsoUvcdatToolsLib.py:7406: UserWarning: areacell is None for variable 'tos'; synthesising cosine-latitude weights. Provide areacella/sftlf for accurate spatial averages.
  variable, areacell, keyerror3 = Read_mask_area(
/g/data/p66/ars599/ENSO_metrics/lib/EnsoMetricsLib.py:12116: UserWarning: areacell is None for variable 'skewness'; synthesising cosine-latitude weights. Provide areacella/sftlf for accurate spatial averages.
  sst2, keyerror = AverageMeridional(sst2)
/g/data/p66/ars599/ENSO_metrics/lib/EnsoUvcdatToolsLib.py:7406: UserWarning: areacell is None for variable 'tos'; synthesising cosine-latitude weights. Provide areacella/sftlf for accurate spatial averages.
  variable, areacell, keyerror3 = Read_mask_area(
/g/data/p66/ars599/ENSO_metrics/lib/EnsoUvcdatToolsLib.py:7303: UserWarning: areacell is None for variable 'unknown'; synthesising cosine-latitude weights. Provide areacella/sftlf for accurate spatial averages.
  tab, keyerror = dict_average[average](tab, areacell, region=region, **kwargs)
/g/data/p66/ars599/ENSO_metrics/lib/EnsoUvcdatToolsLib.py:7406: UserWarning: areacell is None for variable 'tos'; synthesising cosine-latitude weights. Provide areacella/sftlf for accurate spatial averages.
  variable, areacell, keyerror3 = Read_mask_area(
/g/data/p66/ars599/ENSO_metrics/lib/EnsoUvcdatToolsLib.py:7406: UserWarning: areacell is None for variable 'tos'; synthesising cosine-latitude weights. Provide areacella/sftlf for accurate spatial averages.
  variable, areacell, keyerror3 = Read_mask_area(
/g/data/p66/ars599/ENSO_metrics/lib/EnsoMetricsLib.py:12116: UserWarning: areacell is None for variable 'skewness'; synthesising cosine-latitude weights. Provide areacella/sftlf for accurate spatial averages.
  sst2, keyerror = AverageMeridional(sst2)
/g/data/p66/ars599/ENSO_metrics/lib/EnsoUvcdatToolsLib.py:7406: UserWarning: areacell is None for variable 'tos'; synthesising cosine-latitude weights. Provide areacella/sftlf for accurate spatial averages.
  variable, areacell, keyerror3 = Read_mask_area(
/g/data/p66/ars599/ENSO_metrics/lib/EnsoUvcdatToolsLib.py:7303: UserWarning: areacell is None for variable 'unknown'; synthesising cosine-latitude weights. Provide areacella/sftlf for accurate spatial averages.
  tab, keyerror = dict_average[average](tab, areacell, region=region, **kwargs)
/g/data/p66/ars599/ENSO_metrics/lib/EnsoUvcdatToolsLib.py:7406: UserWarning: areacell is None for variable 'tos'; synthesising cosine-latitude weights. Provide areacella/sftlf for accurate spatial averages.
  variable, areacell, keyerror3 = Read_mask_area(
/g/data/p66/ars599/ENSO_metrics/lib/EnsoUvcdatToolsLib.py:7406: UserWarning: areacell is None for variable 'tos'; synthesising cosine-latitude weights. Provide areacella/sftlf for accurate spatial averages.
  variable, areacell, keyerror3 = Read_mask_area(
/g/data/p66/ars599/ENSO_metrics/lib/EnsoMetricsLib.py:12116: UserWarning: areacell is None for variable 'skewness'; synthesising cosine-latitude weights. Provide areacella/sftlf for accurate spatial averages.
  sst2, keyerror = AverageMeridional(sst2)
/g/data/p66/ars599/ENSO_metrics/lib/EnsoUvcdatToolsLib.py:7406: UserWarning: areacell is None for variable 'tos'; synthesising cosine-latitude weights. Provide areacella/sftlf for accurate spatial averages.
  variable, areacell, keyerror3 = Read_mask_area(
/g/data/p66/ars599/ENSO_metrics/lib/EnsoUvcdatToolsLib.py:7303: UserWarning: areacell is None for variable 'unknown'; synthesising cosine-latitude weights. Provide areacella/sftlf for accurate spatial averages.
  tab, keyerror = dict_average[average](tab, areacell, region=region, **kwargs)
/g/data/p66/ars599/ENSO_metrics/lib/EnsoUvcdatToolsLib.py:7303: UserWarning: areacell is None for variable 'unknown'; synthesising cosine-latitude weights. Provide areacella/sftlf for accurate spatial averages.
  tab, keyerror = dict_average[average](tab, areacell, region=region, **kwargs)
/g/data/p66/ars599/ENSO_metrics/lib/EnsoUvcdatToolsLib.py:7406: UserWarning: areacell is None for variable 'tos'; synthesising cosine-latitude weights. Provide areacella/sftlf for accurate spatial averages.
  variable, areacell, keyerror3 = Read_mask_area(
/g/data/p66/ars599/ENSO_metrics/lib/EnsoMetricsLib.py:17288: UserWarning: areacell is None for variable 'unknown'; synthesising cosine-latitude weights. Provide areacella/sftlf for accurate spatial averages.
  ssthov_mod, keyerror_mod = AverageMeridional(sstmap_mod)
/g/data/p66/ars599/ENSO_metrics/lib/EnsoMetricsLib.py:17289: UserWarning: areacell is None for variable 'unknown'; synthesising cosine-latitude weights. Provide areacella/sftlf for accurate spatial averages.
  ssthov_obs, keyerror_obs = AverageMeridional(sstmap_obs)
/g/data/p66/ars599/ENSO_metrics/lib/EnsoUvcdatToolsLib.py:7406: UserWarning: areacell is None for variable 'tos'; synthesising cosine-latitude weights. Provide areacella/sftlf for accurate spatial averages.
  variable, areacell, keyerror3 = Read_mask_area(
/g/data/p66/ars599/ENSO_metrics/lib/EnsoUvcdatToolsLib.py:7303: UserWarning: areacell is None for variable 'unknown'; synthesising cosine-latitude weights. Provide areacella/sftlf for accurate spatial averages.
  tab, keyerror = dict_average[average](tab, areacell, region=region, **kwargs)
/g/data/p66/ars599/ENSO_metrics/lib/EnsoUvcdatToolsLib.py:7303: UserWarning: areacell is None for variable 'unknown'; synthesising cosine-latitude weights. Provide areacella/sftlf for accurate spatial averages.
  tab, keyerror = dict_average[average](tab, areacell, region=region, **kwargs)
/g/data/p66/ars599/ENSO_metrics/lib/EnsoUvcdatToolsLib.py:7406: UserWarning: areacell is None for variable 'tos'; synthesising cosine-latitude weights. Provide areacella/sftlf for accurate spatial averages.
  variable, areacell, keyerror3 = Read_mask_area(
/g/data/p66/ars599/ENSO_metrics/lib/EnsoMetricsLib.py:17288: UserWarning: areacell is None for variable 'unknown'; synthesising cosine-latitude weights. Provide areacella/sftlf for accurate spatial averages.
  ssthov_mod, keyerror_mod = AverageMeridional(sstmap_mod)
/g/data/p66/ars599/ENSO_metrics/lib/EnsoMetricsLib.py:17289: UserWarning: areacell is None for variable 'unknown'; synthesising cosine-latitude weights. Provide areacella/sftlf for accurate spatial averages.
  ssthov_obs, keyerror_obs = AverageMeridional(sstmap_obs)
Traceback (most recent call last):
  File "/g/data/p66/ars599/ENSO_metrics/lib/EnsoUvcdatToolsLib.py", line 2965, in generateLandSeaMask
    land = _regionmask.defined_regions.natural_earth.land_110
           ^^^^^^^^^^^^^^^^^^^^^^^^^^^^^^^^^^^^^^^^^
  File "/scratch/p66/ars599/enso_metrics_env/lib/python3.11/site-packages/regionmask/defined_regions/__init__.py", line 29, in __getattr__
    raise AttributeError(
AttributeError: The `natural_earth` regions have been removed. Use ``natural_earth_v4_1_0``  or ``natural_earth_v5_0_0`` instead.

During handling of the above exception, another exception occurred:

Traceback (most recent call last):
  File "/scratch/p66/ars599/enso_metrics_env/lib/python3.11/site-packages/urllib3/connection.py", line 239, in _new_conn
    sock = connection.create_connection(
           ^^^^^^^^^^^^^^^^^^^^^^^^^^^^^
  File "/scratch/p66/ars599/enso_metrics_env/lib/python3.11/site-packages/urllib3/util/connection.py", line 85, in create_connection
    raise err
  File "/scratch/p66/ars599/enso_metrics_env/lib/python3.11/site-packages/urllib3/util/connection.py", line 73, in create_connection
    sock.connect(sa)
OSError: [Errno 101] Network is unreachable

The above exception was the direct cause of the following exception:

Traceback (most recent call last):
  File "/scratch/p66/ars599/enso_metrics_env/lib/python3.11/site-packages/urllib3/connectionpool.py", line 793, in urlopen
    response = self._make_request(
               ^^^^^^^^^^^^^^^^^^^
  File "/scratch/p66/ars599/enso_metrics_env/lib/python3.11/site-packages/urllib3/connectionpool.py", line 494, in _make_request
    raise new_e
  File "/scratch/p66/ars599/enso_metrics_env/lib/python3.11/site-packages/urllib3/connectionpool.py", line 470, in _make_request
    self._validate_conn(conn)
  File "/scratch/p66/ars599/enso_metrics_env/lib/python3.11/site-packages/urllib3/connectionpool.py", line 1125, in _validate_conn
    conn.connect()
  File "/scratch/p66/ars599/enso_metrics_env/lib/python3.11/site-packages/urllib3/connection.py", line 827, in connect
    self.sock = sock = self._new_conn()
                       ^^^^^^^^^^^^^^^^
  File "/scratch/p66/ars599/enso_metrics_env/lib/python3.11/site-packages/urllib3/connection.py", line 254, in _new_conn
    raise NewConnectionError(
urllib3.exceptions.NewConnectionError: HTTPSConnection(host='naturalearth.s3.amazonaws.com', port=443): Failed to establish a new connection: [Errno 101] Network is unreachable

The above exception was the direct cause of the following exception:

Traceback (most recent call last):
  File "/scratch/p66/ars599/enso_metrics_env/lib/python3.11/site-packages/requests/adapters.py", line 696, in send
    resp = conn.urlopen(
           ^^^^^^^^^^^^^
  File "/scratch/p66/ars599/enso_metrics_env/lib/python3.11/site-packages/urllib3/connectionpool.py", line 847, in urlopen
    retries = retries.increment(
              ^^^^^^^^^^^^^^^^^^
  File "/scratch/p66/ars599/enso_metrics_env/lib/python3.11/site-packages/urllib3/util/retry.py", line 555, in increment
    raise MaxRetryError(_pool, url, reason) from reason  # type: ignore[arg-type]
    ^^^^^^^^^^^^^^^^^^^^^^^^^^^^^^^^^^^^^^^^^^^^^^^^^^^
urllib3.exceptions.MaxRetryError: HTTPSConnectionPool(host='naturalearth.s3.amazonaws.com', port=443): Max retries exceeded with url: /5.0.0/110m_physical/ne_110m_land.zip (Caused by NewConnectionError("HTTPSConnection(host='naturalearth.s3.amazonaws.com', port=443): Failed to establish a new connection: [Errno 101] Network is unreachable"))

During handling of the above exception, another exception occurred:

Traceback (most recent call last):
  File "/g/data/p66/ars599/ENSO_metrics/lib/EnsoUvcdatToolsLib.py", line 2967, in generateLandSeaMask
    land = _regionmask.defined_regions.natural_earth_v5_0_0.land_110
           ^^^^^^^^^^^^^^^^^^^^^^^^^^^^^^^^^^^^^^^^^^^^^^^^^^^^^^^^^
  File "/scratch/p66/ars599/enso_metrics_env/lib/python3.11/site-packages/regionmask/defined_regions/_natural_earth.py", line 287, in land_110
    return self._obtain_ne(_land_110, **opt)
           ^^^^^^^^^^^^^^^^^^^^^^^^^^^^^^^^^
  File "/scratch/p66/ars599/enso_metrics_env/lib/python3.11/site-packages/regionmask/defined_regions/_natural_earth.py", line 240, in _obtain_ne
    df = feature.read(self.version, kwargs.get("bbox"))
         ^^^^^^^^^^^^^^^^^^^^^^^^^^^^^^^^^^^^^^^^^^^^^^
  File "/scratch/p66/ars599/enso_metrics_env/lib/python3.11/site-packages/regionmask/defined_regions/_natural_earth.py", line 154, in read
    shpfilename = self.shapefilename(version=version)
                  ^^^^^^^^^^^^^^^^^^^^^^^^^^^^^^^^^^^
  File "/scratch/p66/ars599/enso_metrics_env/lib/python3.11/site-packages/regionmask/defined_regions/_natural_earth.py", line 146, in shapefilename
    fNs = self.fetch(version)
          ^^^^^^^^^^^^^^^^^^^
  File "/scratch/p66/ars599/enso_metrics_env/lib/python3.11/site-packages/regionmask/defined_regions/_natural_earth.py", line 142, in fetch
    return _fetch_aws(version, self.resolution, self.category, self.name)
           ^^^^^^^^^^^^^^^^^^^^^^^^^^^^^^^^^^^^^^^^^^^^^^^^^^^^^^^^^^^^^^
  File "/scratch/p66/ars599/enso_metrics_env/lib/python3.11/site-packages/regionmask/defined_regions/_natural_earth.py", line 484, in _fetch_aws
    fNs = pooch.retrieve(
          ^^^^^^^^^^^^^^^
  File "/scratch/p66/ars599/enso_metrics_env/lib/python3.11/site-packages/pooch/core.py", line 242, in retrieve
    stream_download(url, full_path, known_hash, downloader, pooch=None)
  File "/scratch/p66/ars599/enso_metrics_env/lib/python3.11/site-packages/pooch/core.py", line 823, in stream_download
    downloader(url, tmp, pooch)
  File "/scratch/p66/ars599/enso_metrics_env/lib/python3.11/site-packages/pooch/downloaders.py", line 230, in __call__
    response = requests.get(url, timeout=timeout, **kwargs)
               ^^^^^^^^^^^^^^^^^^^^^^^^^^^^^^^^^^^^^^^^^^^^
  File "/scratch/p66/ars599/enso_metrics_env/lib/python3.11/site-packages/requests/api.py", line 87, in get
    return request("get", url, params=params, **kwargs)
           ^^^^^^^^^^^^^^^^^^^^^^^^^^^^^^^^^^^^^^^^^^^^
  File "/scratch/p66/ars599/enso_metrics_env/lib/python3.11/site-packages/requests/api.py", line 71, in request
    return session.request(method=method, url=url, **kwargs)
           ^^^^^^^^^^^^^^^^^^^^^^^^^^^^^^^^^^^^^^^^^^^^^^^^^
  File "/scratch/p66/ars599/enso_metrics_env/lib/python3.11/site-packages/requests/sessions.py", line 651, in request
    resp = self.send(prep, **send_kwargs)
           ^^^^^^^^^^^^^^^^^^^^^^^^^^^^^^
  File "/scratch/p66/ars599/enso_metrics_env/lib/python3.11/site-packages/requests/sessions.py", line 784, in send
    r = adapter.send(request, **kwargs)
        ^^^^^^^^^^^^^^^^^^^^^^^^^^^^^^^
  File "/scratch/p66/ars599/enso_metrics_env/lib/python3.11/site-packages/requests/adapters.py", line 729, in send
    raise ConnectionError(e, request=request)
requests.exceptions.ConnectionError: HTTPSConnectionPool(host='naturalearth.s3.amazonaws.com', port=443): Max retries exceeded with url: /5.0.0/110m_physical/ne_110m_land.zip (Caused by NewConnectionError("HTTPSConnection(host='naturalearth.s3.amazonaws.com', port=443): Failed to establish a new connection: [Errno 101] Network is unreachable"))

The above exception was the direct cause of the following exception:

Traceback (most recent call last):
  File "/g/data/p66/ars599/ENSO_metrics/lib/EnsoComputeMetricsLib.py", line 456, in ComputeCollection
    valu, vame, dive, dime = ComputeMetric(
                             ^^^^^^^^^^^^^^
  File "/g/data/p66/ars599/ENSO_metrics/lib/EnsoComputeMetricsLib.py", line 1106, in ComputeMetric
    diagnostic1[output_name] = dict_oneVar_modelAndObs[metric](
                               ^^^^^^^^^^^^^^^^^^^^^^^^^^^^^^^^
  File "/g/data/p66/ars599/ENSO_metrics/lib/EnsoMetricsLib.py", line 24761, in SeasonalPrLatRmse
    pr_obs, obs_areacell, keyerror_obs = Read_data_mask_area(
                                         ^^^^^^^^^^^^^^^^^^^^
  File "/g/data/p66/ars599/ENSO_metrics/lib/EnsoUvcdatToolsLib.py", line 7406, in Read_data_mask_area
    variable, areacell, keyerror3 = Read_mask_area(
                                    ^^^^^^^^^^^^^^^
  File "/g/data/p66/ars599/ENSO_metrics/lib/EnsoUvcdatToolsLib.py", line 7500, in Read_mask_area
    landmask = ReadLandmaskSelectRegion(tab, file_data, landmaskname=name_mask, box=region, **kwargs)
               ^^^^^^^^^^^^^^^^^^^^^^^^^^^^^^^^^^^^^^^^^^^^^^^^^^^^^^^^^^^^^^^^^^^^^^^^^^^^^^^^^^^^^^
  File "/g/data/p66/ars599/ENSO_metrics/lib/EnsoUvcdatToolsLib.py", line 5728, in ReadLandmaskSelectRegion
    landmask = EstimateLandmask(tab)
               ^^^^^^^^^^^^^^^^^^^^^
  File "/g/data/p66/ars599/ENSO_metrics/lib/EnsoUvcdatToolsLib.py", line 5771, in EstimateLandmask
    sft = cdutil.generateLandSeaMask(d(*(slice(0, 1),) * n),debug=False) * 100.0
          ^^^^^^^^^^^^^^^^^^^^^^^^^^^^^^^^^^^^^^^^^^^^^^^^^^^^^^^^^^^^^^
  File "/g/data/p66/ars599/ENSO_metrics/lib/EnsoUvcdatToolsLib.py", line 3108, in generateLandSeaMask
    raise RuntimeError(
RuntimeError: Land-sea mask generation failed inside regionmask. Original error: ConnectionError: HTTPSConnectionPool(host='naturalearth.s3.amazonaws.com', port=443): Max retries exceeded with url: /5.0.0/110m_physical/ne_110m_land.zip (Caused by NewConnectionError("HTTPSConnection(host='naturalearth.s3.amazonaws.com', port=443): Failed to establish a new connection: [Errno 101] Network is unreachable")). dims=('time', 'lat', 'lon'), coords=['time', 'lat', 'lon'].
Traceback (most recent call last):
  File "/g/data/p66/ars599/ENSO_metrics/lib/EnsoUvcdatToolsLib.py", line 2965, in generateLandSeaMask
    land = _regionmask.defined_regions.natural_earth.land_110
           ^^^^^^^^^^^^^^^^^^^^^^^^^^^^^^^^^^^^^^^^^
  File "/scratch/p66/ars599/enso_metrics_env/lib/python3.11/site-packages/regionmask/defined_regions/__init__.py", line 29, in __getattr__
    raise AttributeError(
AttributeError: The `natural_earth` regions have been removed. Use ``natural_earth_v4_1_0``  or ``natural_earth_v5_0_0`` instead.

During handling of the above exception, another exception occurred:

Traceback (most recent call last):
  File "/scratch/p66/ars599/enso_metrics_env/lib/python3.11/site-packages/urllib3/connection.py", line 239, in _new_conn
    sock = connection.create_connection(
           ^^^^^^^^^^^^^^^^^^^^^^^^^^^^^
  File "/scratch/p66/ars599/enso_metrics_env/lib/python3.11/site-packages/urllib3/util/connection.py", line 85, in create_connection
    raise err
  File "/scratch/p66/ars599/enso_metrics_env/lib/python3.11/site-packages/urllib3/util/connection.py", line 73, in create_connection
    sock.connect(sa)
OSError: [Errno 101] Network is unreachable

The above exception was the direct cause of the following exception:

Traceback (most recent call last):
  File "/scratch/p66/ars599/enso_metrics_env/lib/python3.11/site-packages/urllib3/connectionpool.py", line 793, in urlopen
    response = self._make_request(
               ^^^^^^^^^^^^^^^^^^^
  File "/scratch/p66/ars599/enso_metrics_env/lib/python3.11/site-packages/urllib3/connectionpool.py", line 494, in _make_request
    raise new_e
  File "/scratch/p66/ars599/enso_metrics_env/lib/python3.11/site-packages/urllib3/connectionpool.py", line 470, in _make_request
    self._validate_conn(conn)
  File "/scratch/p66/ars599/enso_metrics_env/lib/python3.11/site-packages/urllib3/connectionpool.py", line 1125, in _validate_conn
    conn.connect()
  File "/scratch/p66/ars599/enso_metrics_env/lib/python3.11/site-packages/urllib3/connection.py", line 827, in connect
    self.sock = sock = self._new_conn()
                       ^^^^^^^^^^^^^^^^
  File "/scratch/p66/ars599/enso_metrics_env/lib/python3.11/site-packages/urllib3/connection.py", line 254, in _new_conn
    raise NewConnectionError(
urllib3.exceptions.NewConnectionError: HTTPSConnection(host='naturalearth.s3.amazonaws.com', port=443): Failed to establish a new connection: [Errno 101] Network is unreachable

The above exception was the direct cause of the following exception:

Traceback (most recent call last):
  File "/scratch/p66/ars599/enso_metrics_env/lib/python3.11/site-packages/requests/adapters.py", line 696, in send
    resp = conn.urlopen(
           ^^^^^^^^^^^^^
  File "/scratch/p66/ars599/enso_metrics_env/lib/python3.11/site-packages/urllib3/connectionpool.py", line 847, in urlopen
    retries = retries.increment(
              ^^^^^^^^^^^^^^^^^^
  File "/scratch/p66/ars599/enso_metrics_env/lib/python3.11/site-packages/urllib3/util/retry.py", line 555, in increment
    raise MaxRetryError(_pool, url, reason) from reason  # type: ignore[arg-type]
    ^^^^^^^^^^^^^^^^^^^^^^^^^^^^^^^^^^^^^^^^^^^^^^^^^^^
urllib3.exceptions.MaxRetryError: HTTPSConnectionPool(host='naturalearth.s3.amazonaws.com', port=443): Max retries exceeded with url: /5.0.0/110m_physical/ne_110m_land.zip (Caused by NewConnectionError("HTTPSConnection(host='naturalearth.s3.amazonaws.com', port=443): Failed to establish a new connection: [Errno 101] Network is unreachable"))

During handling of the above exception, another exception occurred:

Traceback (most recent call last):
  File "/g/data/p66/ars599/ENSO_metrics/lib/EnsoUvcdatToolsLib.py", line 2967, in generateLandSeaMask
    land = _regionmask.defined_regions.natural_earth_v5_0_0.land_110
           ^^^^^^^^^^^^^^^^^^^^^^^^^^^^^^^^^^^^^^^^^^^^^^^^^^^^^^^^^
  File "/scratch/p66/ars599/enso_metrics_env/lib/python3.11/site-packages/regionmask/defined_regions/_natural_earth.py", line 287, in land_110
    return self._obtain_ne(_land_110, **opt)
           ^^^^^^^^^^^^^^^^^^^^^^^^^^^^^^^^^
  File "/scratch/p66/ars599/enso_metrics_env/lib/python3.11/site-packages/regionmask/defined_regions/_natural_earth.py", line 240, in _obtain_ne
    df = feature.read(self.version, kwargs.get("bbox"))
         ^^^^^^^^^^^^^^^^^^^^^^^^^^^^^^^^^^^^^^^^^^^^^^
  File "/scratch/p66/ars599/enso_metrics_env/lib/python3.11/site-packages/regionmask/defined_regions/_natural_earth.py", line 154, in read
    shpfilename = self.shapefilename(version=version)
                  ^^^^^^^^^^^^^^^^^^^^^^^^^^^^^^^^^^^
  File "/scratch/p66/ars599/enso_metrics_env/lib/python3.11/site-packages/regionmask/defined_regions/_natural_earth.py", line 146, in shapefilename
    fNs = self.fetch(version)
          ^^^^^^^^^^^^^^^^^^^
  File "/scratch/p66/ars599/enso_metrics_env/lib/python3.11/site-packages/regionmask/defined_regions/_natural_earth.py", line 142, in fetch
    return _fetch_aws(version, self.resolution, self.category, self.name)
           ^^^^^^^^^^^^^^^^^^^^^^^^^^^^^^^^^^^^^^^^^^^^^^^^^^^^^^^^^^^^^^
  File "/scratch/p66/ars599/enso_metrics_env/lib/python3.11/site-packages/regionmask/defined_regions/_natural_earth.py", line 484, in _fetch_aws
    fNs = pooch.retrieve(
          ^^^^^^^^^^^^^^^
  File "/scratch/p66/ars599/enso_metrics_env/lib/python3.11/site-packages/pooch/core.py", line 242, in retrieve
    stream_download(url, full_path, known_hash, downloader, pooch=None)
  File "/scratch/p66/ars599/enso_metrics_env/lib/python3.11/site-packages/pooch/core.py", line 823, in stream_download
    downloader(url, tmp, pooch)
  File "/scratch/p66/ars599/enso_metrics_env/lib/python3.11/site-packages/pooch/downloaders.py", line 230, in __call__
    response = requests.get(url, timeout=timeout, **kwargs)
               ^^^^^^^^^^^^^^^^^^^^^^^^^^^^^^^^^^^^^^^^^^^^
  File "/scratch/p66/ars599/enso_metrics_env/lib/python3.11/site-packages/requests/api.py", line 87, in get
    return request("get", url, params=params, **kwargs)
           ^^^^^^^^^^^^^^^^^^^^^^^^^^^^^^^^^^^^^^^^^^^^
  File "/scratch/p66/ars599/enso_metrics_env/lib/python3.11/site-packages/requests/api.py", line 71, in request
    return session.request(method=method, url=url, **kwargs)
           ^^^^^^^^^^^^^^^^^^^^^^^^^^^^^^^^^^^^^^^^^^^^^^^^^
  File "/scratch/p66/ars599/enso_metrics_env/lib/python3.11/site-packages/requests/sessions.py", line 651, in request
    resp = self.send(prep, **send_kwargs)
           ^^^^^^^^^^^^^^^^^^^^^^^^^^^^^^
  File "/scratch/p66/ars599/enso_metrics_env/lib/python3.11/site-packages/requests/sessions.py", line 784, in send
    r = adapter.send(request, **kwargs)
        ^^^^^^^^^^^^^^^^^^^^^^^^^^^^^^^
  File "/scratch/p66/ars599/enso_metrics_env/lib/python3.11/site-packages/requests/adapters.py", line 729, in send
    raise ConnectionError(e, request=request)
requests.exceptions.ConnectionError: HTTPSConnectionPool(host='naturalearth.s3.amazonaws.com', port=443): Max retries exceeded with url: /5.0.0/110m_physical/ne_110m_land.zip (Caused by NewConnectionError("HTTPSConnection(host='naturalearth.s3.amazonaws.com', port=443): Failed to establish a new connection: [Errno 101] Network is unreachable"))

The above exception was the direct cause of the following exception:

Traceback (most recent call last):
  File "/g/data/p66/ars599/ENSO_metrics/lib/EnsoComputeMetricsLib.py", line 456, in ComputeCollection
    valu, vame, dive, dime = ComputeMetric(
                             ^^^^^^^^^^^^^^
  File "/g/data/p66/ars599/ENSO_metrics/lib/EnsoComputeMetricsLib.py", line 1106, in ComputeMetric
    diagnostic1[output_name] = dict_oneVar_modelAndObs[metric](
                               ^^^^^^^^^^^^^^^^^^^^^^^^^^^^^^^^
  File "/g/data/p66/ars599/ENSO_metrics/lib/EnsoMetricsLib.py", line 25093, in SeasonalPrLonRmse
    pr_obs, obs_areacell, keyerror_obs = Read_data_mask_area(
                                         ^^^^^^^^^^^^^^^^^^^^
  File "/g/data/p66/ars599/ENSO_metrics/lib/EnsoUvcdatToolsLib.py", line 7406, in Read_data_mask_area
    variable, areacell, keyerror3 = Read_mask_area(
                                    ^^^^^^^^^^^^^^^
  File "/g/data/p66/ars599/ENSO_metrics/lib/EnsoUvcdatToolsLib.py", line 7500, in Read_mask_area
    landmask = ReadLandmaskSelectRegion(tab, file_data, landmaskname=name_mask, box=region, **kwargs)
               ^^^^^^^^^^^^^^^^^^^^^^^^^^^^^^^^^^^^^^^^^^^^^^^^^^^^^^^^^^^^^^^^^^^^^^^^^^^^^^^^^^^^^^
  File "/g/data/p66/ars599/ENSO_metrics/lib/EnsoUvcdatToolsLib.py", line 5728, in ReadLandmaskSelectRegion
    landmask = EstimateLandmask(tab)
               ^^^^^^^^^^^^^^^^^^^^^
  File "/g/data/p66/ars599/ENSO_metrics/lib/EnsoUvcdatToolsLib.py", line 5771, in EstimateLandmask
    sft = cdutil.generateLandSeaMask(d(*(slice(0, 1),) * n),debug=False) * 100.0
          ^^^^^^^^^^^^^^^^^^^^^^^^^^^^^^^^^^^^^^^^^^^^^^^^^^^^^^^^^^^^^^
  File "/g/data/p66/ars599/ENSO_metrics/lib/EnsoUvcdatToolsLib.py", line 3108, in generateLandSeaMask
    raise RuntimeError(
RuntimeError: Land-sea mask generation failed inside regionmask. Original error: ConnectionError: HTTPSConnectionPool(host='naturalearth.s3.amazonaws.com', port=443): Max retries exceeded with url: /5.0.0/110m_physical/ne_110m_land.zip (Caused by NewConnectionError("HTTPSConnection(host='naturalearth.s3.amazonaws.com', port=443): Failed to establish a new connection: [Errno 101] Network is unreachable")). dims=('time', 'lat', 'lon'), coords=['time', 'lat', 'lon'].
/g/data/p66/ars599/ENSO_metrics/lib/EnsoUvcdatToolsLib.py:7406: UserWarning: areacell is None for variable 'tos'; synthesising cosine-latitude weights. Provide areacella/sftlf for accurate spatial averages.
  variable, areacell, keyerror3 = Read_mask_area(
/g/data/p66/ars599/ENSO_metrics/lib/EnsoMetricsLib.py:26493: UserWarning: areacell is None for variable 'unknown'; synthesising cosine-latitude weights. Provide areacella/sftlf for accurate spatial averages.
  sstStdLon_mod, keyerror_mod = AverageMeridional(sstStd_mod)
/g/data/p66/ars599/ENSO_metrics/lib/EnsoMetricsLib.py:26494: UserWarning: areacell is None for variable 'unknown'; synthesising cosine-latitude weights. Provide areacella/sftlf for accurate spatial averages.
  sstStdLon_obs, keyerror_obs = AverageMeridional(sstStd_obs)
/g/data/p66/ars599/ENSO_metrics/lib/EnsoUvcdatToolsLib.py:7406: UserWarning: areacell is None for variable 'tos'; synthesising cosine-latitude weights. Provide areacella/sftlf for accurate spatial averages.
  variable, areacell, keyerror3 = Read_mask_area(
/g/data/p66/ars599/ENSO_metrics/lib/EnsoMetricsLib.py:26574: UserWarning: areacell is None for variable 'unknown'; synthesising cosine-latitude weights. Provide areacella/sftlf for accurate spatial averages.
  sst_mod, keyerror_mod = AverageMeridional(sst_mod)
/g/data/p66/ars599/ENSO_metrics/lib/EnsoMetricsLib.py:26575: UserWarning: areacell is None for variable 'unknown'; synthesising cosine-latitude weights. Provide areacella/sftlf for accurate spatial averages.
  sst_obs, keyerror_obs = AverageMeridional(sst_obs)
/g/data/p66/ars599/ENSO_metrics/lib/EnsoUvcdatToolsLib.py:7406: UserWarning: areacell is None for variable 'tos'; synthesising cosine-latitude weights. Provide areacella/sftlf for accurate spatial averages.
  variable, areacell, keyerror3 = Read_mask_area(
/g/data/p66/ars599/ENSO_metrics/lib/EnsoMetricsLib.py:26493: UserWarning: areacell is None for variable 'unknown'; synthesising cosine-latitude weights. Provide areacella/sftlf for accurate spatial averages.
  sstStdLon_mod, keyerror_mod = AverageMeridional(sstStd_mod)
/g/data/p66/ars599/ENSO_metrics/lib/EnsoMetricsLib.py:26494: UserWarning: areacell is None for variable 'unknown'; synthesising cosine-latitude weights. Provide areacella/sftlf for accurate spatial averages.
  sstStdLon_obs, keyerror_obs = AverageMeridional(sstStd_obs)
/g/data/p66/ars599/ENSO_metrics/lib/EnsoUvcdatToolsLib.py:7406: UserWarning: areacell is None for variable 'tos'; synthesising cosine-latitude weights. Provide areacella/sftlf for accurate spatial averages.
  variable, areacell, keyerror3 = Read_mask_area(
/g/data/p66/ars599/ENSO_metrics/lib/EnsoMetricsLib.py:26574: UserWarning: areacell is None for variable 'unknown'; synthesising cosine-latitude weights. Provide areacella/sftlf for accurate spatial averages.
  sst_mod, keyerror_mod = AverageMeridional(sst_mod)
/g/data/p66/ars599/ENSO_metrics/lib/EnsoMetricsLib.py:26575: UserWarning: areacell is None for variable 'unknown'; synthesising cosine-latitude weights. Provide areacella/sftlf for accurate spatial averages.
  sst_obs, keyerror_obs = AverageMeridional(sst_obs)
/g/data/p66/ars599/ENSO_metrics/lib/EnsoUvcdatToolsLib.py:5552: UserWarning: areacell is None for variable 'tauu'; synthesising cosine-latitude weights. Provide areacella/sftlf for accurate spatial averages.
  taux, keyerror = AverageHorizontal(taux, region="nino4")
Traceback (most recent call last):
  File "/g/data/p66/ars599/ENSO_metrics/lib/EnsoUvcdatToolsLib.py", line 2965, in generateLandSeaMask
    land = _regionmask.defined_regions.natural_earth.land_110
           ^^^^^^^^^^^^^^^^^^^^^^^^^^^^^^^^^^^^^^^^^
  File "/scratch/p66/ars599/enso_metrics_env/lib/python3.11/site-packages/regionmask/defined_regions/__init__.py", line 29, in __getattr__
    raise AttributeError(
AttributeError: The `natural_earth` regions have been removed. Use ``natural_earth_v4_1_0``  or ``natural_earth_v5_0_0`` instead.

During handling of the above exception, another exception occurred:

Traceback (most recent call last):
  File "/scratch/p66/ars599/enso_metrics_env/lib/python3.11/site-packages/urllib3/connection.py", line 239, in _new_conn
    sock = connection.create_connection(
           ^^^^^^^^^^^^^^^^^^^^^^^^^^^^^
  File "/scratch/p66/ars599/enso_metrics_env/lib/python3.11/site-packages/urllib3/util/connection.py", line 85, in create_connection
    raise err
  File "/scratch/p66/ars599/enso_metrics_env/lib/python3.11/site-packages/urllib3/util/connection.py", line 73, in create_connection
    sock.connect(sa)
OSError: [Errno 101] Network is unreachable

The above exception was the direct cause of the following exception:

Traceback (most recent call last):
  File "/scratch/p66/ars599/enso_metrics_env/lib/python3.11/site-packages/urllib3/connectionpool.py", line 793, in urlopen
    response = self._make_request(
               ^^^^^^^^^^^^^^^^^^^
  File "/scratch/p66/ars599/enso_metrics_env/lib/python3.11/site-packages/urllib3/connectionpool.py", line 494, in _make_request
    raise new_e
  File "/scratch/p66/ars599/enso_metrics_env/lib/python3.11/site-packages/urllib3/connectionpool.py", line 470, in _make_request
    self._validate_conn(conn)
  File "/scratch/p66/ars599/enso_metrics_env/lib/python3.11/site-packages/urllib3/connectionpool.py", line 1125, in _validate_conn
    conn.connect()
  File "/scratch/p66/ars599/enso_metrics_env/lib/python3.11/site-packages/urllib3/connection.py", line 827, in connect
    self.sock = sock = self._new_conn()
                       ^^^^^^^^^^^^^^^^
  File "/scratch/p66/ars599/enso_metrics_env/lib/python3.11/site-packages/urllib3/connection.py", line 254, in _new_conn
    raise NewConnectionError(
urllib3.exceptions.NewConnectionError: HTTPSConnection(host='naturalearth.s3.amazonaws.com', port=443): Failed to establish a new connection: [Errno 101] Network is unreachable

The above exception was the direct cause of the following exception:

Traceback (most recent call last):
  File "/scratch/p66/ars599/enso_metrics_env/lib/python3.11/site-packages/requests/adapters.py", line 696, in send
    resp = conn.urlopen(
           ^^^^^^^^^^^^^
  File "/scratch/p66/ars599/enso_metrics_env/lib/python3.11/site-packages/urllib3/connectionpool.py", line 847, in urlopen
    retries = retries.increment(
              ^^^^^^^^^^^^^^^^^^
  File "/scratch/p66/ars599/enso_metrics_env/lib/python3.11/site-packages/urllib3/util/retry.py", line 555, in increment
    raise MaxRetryError(_pool, url, reason) from reason  # type: ignore[arg-type]
    ^^^^^^^^^^^^^^^^^^^^^^^^^^^^^^^^^^^^^^^^^^^^^^^^^^^
urllib3.exceptions.MaxRetryError: HTTPSConnectionPool(host='naturalearth.s3.amazonaws.com', port=443): Max retries exceeded with url: /5.0.0/110m_physical/ne_110m_land.zip (Caused by NewConnectionError("HTTPSConnection(host='naturalearth.s3.amazonaws.com', port=443): Failed to establish a new connection: [Errno 101] Network is unreachable"))

During handling of the above exception, another exception occurred:

Traceback (most recent call last):
  File "/g/data/p66/ars599/ENSO_metrics/lib/EnsoUvcdatToolsLib.py", line 2967, in generateLandSeaMask
    land = _regionmask.defined_regions.natural_earth_v5_0_0.land_110
           ^^^^^^^^^^^^^^^^^^^^^^^^^^^^^^^^^^^^^^^^^^^^^^^^^^^^^^^^^
  File "/scratch/p66/ars599/enso_metrics_env/lib/python3.11/site-packages/regionmask/defined_regions/_natural_earth.py", line 287, in land_110
    return self._obtain_ne(_land_110, **opt)
           ^^^^^^^^^^^^^^^^^^^^^^^^^^^^^^^^^
  File "/scratch/p66/ars599/enso_metrics_env/lib/python3.11/site-packages/regionmask/defined_regions/_natural_earth.py", line 240, in _obtain_ne
    df = feature.read(self.version, kwargs.get("bbox"))
         ^^^^^^^^^^^^^^^^^^^^^^^^^^^^^^^^^^^^^^^^^^^^^^
  File "/scratch/p66/ars599/enso_metrics_env/lib/python3.11/site-packages/regionmask/defined_regions/_natural_earth.py", line 154, in read
    shpfilename = self.shapefilename(version=version)
                  ^^^^^^^^^^^^^^^^^^^^^^^^^^^^^^^^^^^
  File "/scratch/p66/ars599/enso_metrics_env/lib/python3.11/site-packages/regionmask/defined_regions/_natural_earth.py", line 146, in shapefilename
    fNs = self.fetch(version)
          ^^^^^^^^^^^^^^^^^^^
  File "/scratch/p66/ars599/enso_metrics_env/lib/python3.11/site-packages/regionmask/defined_regions/_natural_earth.py", line 142, in fetch
    return _fetch_aws(version, self.resolution, self.category, self.name)
           ^^^^^^^^^^^^^^^^^^^^^^^^^^^^^^^^^^^^^^^^^^^^^^^^^^^^^^^^^^^^^^
  File "/scratch/p66/ars599/enso_metrics_env/lib/python3.11/site-packages/regionmask/defined_regions/_natural_earth.py", line 484, in _fetch_aws
    fNs = pooch.retrieve(
          ^^^^^^^^^^^^^^^
  File "/scratch/p66/ars599/enso_metrics_env/lib/python3.11/site-packages/pooch/core.py", line 242, in retrieve
    stream_download(url, full_path, known_hash, downloader, pooch=None)
  File "/scratch/p66/ars599/enso_metrics_env/lib/python3.11/site-packages/pooch/core.py", line 823, in stream_download
    downloader(url, tmp, pooch)
  File "/scratch/p66/ars599/enso_metrics_env/lib/python3.11/site-packages/pooch/downloaders.py", line 230, in __call__
    response = requests.get(url, timeout=timeout, **kwargs)
               ^^^^^^^^^^^^^^^^^^^^^^^^^^^^^^^^^^^^^^^^^^^^
  File "/scratch/p66/ars599/enso_metrics_env/lib/python3.11/site-packages/requests/api.py", line 87, in get
    return request("get", url, params=params, **kwargs)
           ^^^^^^^^^^^^^^^^^^^^^^^^^^^^^^^^^^^^^^^^^^^^
  File "/scratch/p66/ars599/enso_metrics_env/lib/python3.11/site-packages/requests/api.py", line 71, in request
    return session.request(method=method, url=url, **kwargs)
           ^^^^^^^^^^^^^^^^^^^^^^^^^^^^^^^^^^^^^^^^^^^^^^^^^
  File "/scratch/p66/ars599/enso_metrics_env/lib/python3.11/site-packages/requests/sessions.py", line 651, in request
    resp = self.send(prep, **send_kwargs)
           ^^^^^^^^^^^^^^^^^^^^^^^^^^^^^^
  File "/scratch/p66/ars599/enso_metrics_env/lib/python3.11/site-packages/requests/sessions.py", line 784, in send
    r = adapter.send(request, **kwargs)
        ^^^^^^^^^^^^^^^^^^^^^^^^^^^^^^^
  File "/scratch/p66/ars599/enso_metrics_env/lib/python3.11/site-packages/requests/adapters.py", line 729, in send
    raise ConnectionError(e, request=request)
requests.exceptions.ConnectionError: HTTPSConnectionPool(host='naturalearth.s3.amazonaws.com', port=443): Max retries exceeded with url: /5.0.0/110m_physical/ne_110m_land.zip (Caused by NewConnectionError("HTTPSConnection(host='naturalearth.s3.amazonaws.com', port=443): Failed to establish a new connection: [Errno 101] Network is unreachable"))

The above exception was the direct cause of the following exception:

Traceback (most recent call last):
  File "/g/data/p66/ars599/ENSO_metrics/lib/EnsoComputeMetricsLib.py", line 456, in ComputeCollection
    valu, vame, dive, dime = ComputeMetric(
                             ^^^^^^^^^^^^^^
  File "/g/data/p66/ars599/ENSO_metrics/lib/EnsoComputeMetricsLib.py", line 1106, in ComputeMetric
    diagnostic1[output_name] = dict_oneVar_modelAndObs[metric](
                               ^^^^^^^^^^^^^^^^^^^^^^^^^^^^^^^^
  File "/g/data/p66/ars599/ENSO_metrics/lib/EnsoMetricsLib.py", line 27104, in SeasonalTauxLonRmse
    taux_mod, mod_areacell, keyerror_mod = Read_data_mask_area(
                                           ^^^^^^^^^^^^^^^^^^^^
  File "/g/data/p66/ars599/ENSO_metrics/lib/EnsoUvcdatToolsLib.py", line 7406, in Read_data_mask_area
    variable, areacell, keyerror3 = Read_mask_area(
                                    ^^^^^^^^^^^^^^^
  File "/g/data/p66/ars599/ENSO_metrics/lib/EnsoUvcdatToolsLib.py", line 7498, in Read_mask_area
    landmask = ReadLandmaskSelectRegion(tab, file_mask, landmaskname=name_mask, box=region, **kwargs)
               ^^^^^^^^^^^^^^^^^^^^^^^^^^^^^^^^^^^^^^^^^^^^^^^^^^^^^^^^^^^^^^^^^^^^^^^^^^^^^^^^^^^^^^
  File "/g/data/p66/ars599/ENSO_metrics/lib/EnsoUvcdatToolsLib.py", line 5728, in ReadLandmaskSelectRegion
    landmask = EstimateLandmask(tab)
               ^^^^^^^^^^^^^^^^^^^^^
  File "/g/data/p66/ars599/ENSO_metrics/lib/EnsoUvcdatToolsLib.py", line 5771, in EstimateLandmask
    sft = cdutil.generateLandSeaMask(d(*(slice(0, 1),) * n),debug=False) * 100.0
          ^^^^^^^^^^^^^^^^^^^^^^^^^^^^^^^^^^^^^^^^^^^^^^^^^^^^^^^^^^^^^^
  File "/g/data/p66/ars599/ENSO_metrics/lib/EnsoUvcdatToolsLib.py", line 3108, in generateLandSeaMask
    raise RuntimeError(
RuntimeError: Land-sea mask generation failed inside regionmask. Original error: ConnectionError: HTTPSConnectionPool(host='naturalearth.s3.amazonaws.com', port=443): Max retries exceeded with url: /5.0.0/110m_physical/ne_110m_land.zip (Caused by NewConnectionError("HTTPSConnection(host='naturalearth.s3.amazonaws.com', port=443): Failed to establish a new connection: [Errno 101] Network is unreachable")). dims=('time', 'lat', 'lon'), coords=['time', 'lat', 'lon'].
/g/data/p66/ars599/ENSO_metrics/lib/EnsoUvcdatToolsLib.py:7406: UserWarning: areacell is None for variable 'tos'; synthesising cosine-latitude weights. Provide areacella/sftlf for accurate spatial averages.
  variable, areacell, keyerror3 = Read_mask_area(
/g/data/p66/ars599/ENSO_metrics/lib/EnsoMetricsLib.py:3065: UserWarning: areacell is None for variable 'unknown'; synthesising cosine-latitude weights. Provide areacella/sftlf for accurate spatial averages.
  sst_mod, keyerror_mod = AverageMeridional(sst_mod)
/g/data/p66/ars599/ENSO_metrics/lib/EnsoMetricsLib.py:3066: UserWarning: areacell is None for variable 'unknown'; synthesising cosine-latitude weights. Provide areacella/sftlf for accurate spatial averages.
  sst_obs, keyerror_obs = AverageMeridional(sst_obs)
/g/data/p66/ars599/ENSO_metrics/lib/EnsoUvcdatToolsLib.py:7406: UserWarning: areacell is None for variable 'tos'; synthesising cosine-latitude weights. Provide areacella/sftlf for accurate spatial averages.
  variable, areacell, keyerror3 = Read_mask_area(
/g/data/p66/ars599/ENSO_metrics/lib/EnsoUvcdatToolsLib.py:7406: UserWarning: areacell is None for variable 'tos'; synthesising cosine-latitude weights. Provide areacella/sftlf for accurate spatial averages.
  variable, areacell, keyerror3 = Read_mask_area(
/g/data/p66/ars599/ENSO_metrics/lib/EnsoMetricsLib.py:3065: UserWarning: areacell is None for variable 'unknown'; synthesising cosine-latitude weights. Provide areacella/sftlf for accurate spatial averages.
  sst_mod, keyerror_mod = AverageMeridional(sst_mod)
/g/data/p66/ars599/ENSO_metrics/lib/EnsoMetricsLib.py:3066: UserWarning: areacell is None for variable 'unknown'; synthesising cosine-latitude weights. Provide areacella/sftlf for accurate spatial averages.
  sst_obs, keyerror_obs = AverageMeridional(sst_obs)
/g/data/p66/ars599/ENSO_metrics/lib/EnsoUvcdatToolsLib.py:7406: UserWarning: areacell is None for variable 'tos'; synthesising cosine-latitude weights. Provide areacella/sftlf for accurate spatial averages.
  variable, areacell, keyerror3 = Read_mask_area(
/g/data/p66/ars599/ENSO_metrics/lib/EnsoUvcdatToolsLib.py:5552: UserWarning: areacell is None for variable 'tauu'; synthesising cosine-latitude weights. Provide areacella/sftlf for accurate spatial averages.
  taux, keyerror = AverageHorizontal(taux, region="nino4")
Traceback (most recent call last):
  File "/g/data/p66/ars599/ENSO_metrics/lib/EnsoUvcdatToolsLib.py", line 2965, in generateLandSeaMask
    land = _regionmask.defined_regions.natural_earth.land_110
           ^^^^^^^^^^^^^^^^^^^^^^^^^^^^^^^^^^^^^^^^^
  File "/scratch/p66/ars599/enso_metrics_env/lib/python3.11/site-packages/regionmask/defined_regions/__init__.py", line 29, in __getattr__
    raise AttributeError(
AttributeError: The `natural_earth` regions have been removed. Use ``natural_earth_v4_1_0``  or ``natural_earth_v5_0_0`` instead.

During handling of the above exception, another exception occurred:

Traceback (most recent call last):
  File "/scratch/p66/ars599/enso_metrics_env/lib/python3.11/site-packages/urllib3/connection.py", line 239, in _new_conn
    sock = connection.create_connection(
           ^^^^^^^^^^^^^^^^^^^^^^^^^^^^^
  File "/scratch/p66/ars599/enso_metrics_env/lib/python3.11/site-packages/urllib3/util/connection.py", line 85, in create_connection
    raise err
  File "/scratch/p66/ars599/enso_metrics_env/lib/python3.11/site-packages/urllib3/util/connection.py", line 73, in create_connection
    sock.connect(sa)
OSError: [Errno 101] Network is unreachable

The above exception was the direct cause of the following exception:

Traceback (most recent call last):
  File "/scratch/p66/ars599/enso_metrics_env/lib/python3.11/site-packages/urllib3/connectionpool.py", line 793, in urlopen
    response = self._make_request(
               ^^^^^^^^^^^^^^^^^^^
  File "/scratch/p66/ars599/enso_metrics_env/lib/python3.11/site-packages/urllib3/connectionpool.py", line 494, in _make_request
    raise new_e
  File "/scratch/p66/ars599/enso_metrics_env/lib/python3.11/site-packages/urllib3/connectionpool.py", line 470, in _make_request
    self._validate_conn(conn)
  File "/scratch/p66/ars599/enso_metrics_env/lib/python3.11/site-packages/urllib3/connectionpool.py", line 1125, in _validate_conn
    conn.connect()
  File "/scratch/p66/ars599/enso_metrics_env/lib/python3.11/site-packages/urllib3/connection.py", line 827, in connect
    self.sock = sock = self._new_conn()
                       ^^^^^^^^^^^^^^^^
  File "/scratch/p66/ars599/enso_metrics_env/lib/python3.11/site-packages/urllib3/connection.py", line 254, in _new_conn
    raise NewConnectionError(
urllib3.exceptions.NewConnectionError: HTTPSConnection(host='naturalearth.s3.amazonaws.com', port=443): Failed to establish a new connection: [Errno 101] Network is unreachable

The above exception was the direct cause of the following exception:

Traceback (most recent call last):
  File "/scratch/p66/ars599/enso_metrics_env/lib/python3.11/site-packages/requests/adapters.py", line 696, in send
    resp = conn.urlopen(
           ^^^^^^^^^^^^^
  File "/scratch/p66/ars599/enso_metrics_env/lib/python3.11/site-packages/urllib3/connectionpool.py", line 847, in urlopen
    retries = retries.increment(
              ^^^^^^^^^^^^^^^^^^
  File "/scratch/p66/ars599/enso_metrics_env/lib/python3.11/site-packages/urllib3/util/retry.py", line 555, in increment
    raise MaxRetryError(_pool, url, reason) from reason  # type: ignore[arg-type]
    ^^^^^^^^^^^^^^^^^^^^^^^^^^^^^^^^^^^^^^^^^^^^^^^^^^^
urllib3.exceptions.MaxRetryError: HTTPSConnectionPool(host='naturalearth.s3.amazonaws.com', port=443): Max retries exceeded with url: /5.0.0/110m_physical/ne_110m_land.zip (Caused by NewConnectionError("HTTPSConnection(host='naturalearth.s3.amazonaws.com', port=443): Failed to establish a new connection: [Errno 101] Network is unreachable"))

During handling of the above exception, another exception occurred:

Traceback (most recent call last):
  File "/g/data/p66/ars599/ENSO_metrics/lib/EnsoUvcdatToolsLib.py", line 2967, in generateLandSeaMask
    land = _regionmask.defined_regions.natural_earth_v5_0_0.land_110
           ^^^^^^^^^^^^^^^^^^^^^^^^^^^^^^^^^^^^^^^^^^^^^^^^^^^^^^^^^
  File "/scratch/p66/ars599/enso_metrics_env/lib/python3.11/site-packages/regionmask/defined_regions/_natural_earth.py", line 287, in land_110
    return self._obtain_ne(_land_110, **opt)
           ^^^^^^^^^^^^^^^^^^^^^^^^^^^^^^^^^
  File "/scratch/p66/ars599/enso_metrics_env/lib/python3.11/site-packages/regionmask/defined_regions/_natural_earth.py", line 240, in _obtain_ne
    df = feature.read(self.version, kwargs.get("bbox"))
         ^^^^^^^^^^^^^^^^^^^^^^^^^^^^^^^^^^^^^^^^^^^^^^
  File "/scratch/p66/ars599/enso_metrics_env/lib/python3.11/site-packages/regionmask/defined_regions/_natural_earth.py", line 154, in read
    shpfilename = self.shapefilename(version=version)
                  ^^^^^^^^^^^^^^^^^^^^^^^^^^^^^^^^^^^
  File "/scratch/p66/ars599/enso_metrics_env/lib/python3.11/site-packages/regionmask/defined_regions/_natural_earth.py", line 146, in shapefilename
    fNs = self.fetch(version)
          ^^^^^^^^^^^^^^^^^^^
  File "/scratch/p66/ars599/enso_metrics_env/lib/python3.11/site-packages/regionmask/defined_regions/_natural_earth.py", line 142, in fetch
    return _fetch_aws(version, self.resolution, self.category, self.name)
           ^^^^^^^^^^^^^^^^^^^^^^^^^^^^^^^^^^^^^^^^^^^^^^^^^^^^^^^^^^^^^^
  File "/scratch/p66/ars599/enso_metrics_env/lib/python3.11/site-packages/regionmask/defined_regions/_natural_earth.py", line 484, in _fetch_aws
    fNs = pooch.retrieve(
          ^^^^^^^^^^^^^^^
  File "/scratch/p66/ars599/enso_metrics_env/lib/python3.11/site-packages/pooch/core.py", line 242, in retrieve
    stream_download(url, full_path, known_hash, downloader, pooch=None)
  File "/scratch/p66/ars599/enso_metrics_env/lib/python3.11/site-packages/pooch/core.py", line 823, in stream_download
    downloader(url, tmp, pooch)
  File "/scratch/p66/ars599/enso_metrics_env/lib/python3.11/site-packages/pooch/downloaders.py", line 230, in __call__
    response = requests.get(url, timeout=timeout, **kwargs)
               ^^^^^^^^^^^^^^^^^^^^^^^^^^^^^^^^^^^^^^^^^^^^
  File "/scratch/p66/ars599/enso_metrics_env/lib/python3.11/site-packages/requests/api.py", line 87, in get
    return request("get", url, params=params, **kwargs)
           ^^^^^^^^^^^^^^^^^^^^^^^^^^^^^^^^^^^^^^^^^^^^
  File "/scratch/p66/ars599/enso_metrics_env/lib/python3.11/site-packages/requests/api.py", line 71, in request
    return session.request(method=method, url=url, **kwargs)
           ^^^^^^^^^^^^^^^^^^^^^^^^^^^^^^^^^^^^^^^^^^^^^^^^^
  File "/scratch/p66/ars599/enso_metrics_env/lib/python3.11/site-packages/requests/sessions.py", line 651, in request
    resp = self.send(prep, **send_kwargs)
           ^^^^^^^^^^^^^^^^^^^^^^^^^^^^^^
  File "/scratch/p66/ars599/enso_metrics_env/lib/python3.11/site-packages/requests/sessions.py", line 784, in send
    r = adapter.send(request, **kwargs)
        ^^^^^^^^^^^^^^^^^^^^^^^^^^^^^^^
  File "/scratch/p66/ars599/enso_metrics_env/lib/python3.11/site-packages/requests/adapters.py", line 729, in send
    raise ConnectionError(e, request=request)
requests.exceptions.ConnectionError: HTTPSConnectionPool(host='naturalearth.s3.amazonaws.com', port=443): Max retries exceeded with url: /5.0.0/110m_physical/ne_110m_land.zip (Caused by NewConnectionError("HTTPSConnection(host='naturalearth.s3.amazonaws.com', port=443): Failed to establish a new connection: [Errno 101] Network is unreachable"))

The above exception was the direct cause of the following exception:

Traceback (most recent call last):
  File "/g/data/p66/ars599/ENSO_metrics/lib/EnsoComputeMetricsLib.py", line 456, in ComputeCollection
    valu, vame, dive, dime = ComputeMetric(
                             ^^^^^^^^^^^^^^
  File "/g/data/p66/ars599/ENSO_metrics/lib/EnsoComputeMetricsLib.py", line 1106, in ComputeMetric
    diagnostic1[output_name] = dict_oneVar_modelAndObs[metric](
                               ^^^^^^^^^^^^^^^^^^^^^^^^^^^^^^^^
  File "/g/data/p66/ars599/ENSO_metrics/lib/EnsoMetricsLib.py", line 4103, in BiasTauxLonRmse
    Read_data_mask_area(tauxfilemod, tauxnamemod, 'wind stress', metric, box, file_area=tauxareafilemod,
  File "/g/data/p66/ars599/ENSO_metrics/lib/EnsoUvcdatToolsLib.py", line 7406, in Read_data_mask_area
    variable, areacell, keyerror3 = Read_mask_area(
                                    ^^^^^^^^^^^^^^^
  File "/g/data/p66/ars599/ENSO_metrics/lib/EnsoUvcdatToolsLib.py", line 7498, in Read_mask_area
    landmask = ReadLandmaskSelectRegion(tab, file_mask, landmaskname=name_mask, box=region, **kwargs)
               ^^^^^^^^^^^^^^^^^^^^^^^^^^^^^^^^^^^^^^^^^^^^^^^^^^^^^^^^^^^^^^^^^^^^^^^^^^^^^^^^^^^^^^
  File "/g/data/p66/ars599/ENSO_metrics/lib/EnsoUvcdatToolsLib.py", line 5728, in ReadLandmaskSelectRegion
    landmask = EstimateLandmask(tab)
               ^^^^^^^^^^^^^^^^^^^^^
  File "/g/data/p66/ars599/ENSO_metrics/lib/EnsoUvcdatToolsLib.py", line 5771, in EstimateLandmask
    sft = cdutil.generateLandSeaMask(d(*(slice(0, 1),) * n),debug=False) * 100.0
          ^^^^^^^^^^^^^^^^^^^^^^^^^^^^^^^^^^^^^^^^^^^^^^^^^^^^^^^^^^^^^^
  File "/g/data/p66/ars599/ENSO_metrics/lib/EnsoUvcdatToolsLib.py", line 3108, in generateLandSeaMask
    raise RuntimeError(
RuntimeError: Land-sea mask generation failed inside regionmask. Original error: ConnectionError: HTTPSConnectionPool(host='naturalearth.s3.amazonaws.com', port=443): Max retries exceeded with url: /5.0.0/110m_physical/ne_110m_land.zip (Caused by NewConnectionError("HTTPSConnection(host='naturalearth.s3.amazonaws.com', port=443): Failed to establish a new connection: [Errno 101] Network is unreachable")). dims=('time', 'lat', 'lon'), coords=['time', 'lat', 'lon'].
/g/data/p66/ars599/ENSO_metrics/lib/EnsoMetricsLib.py:6950: UserWarning: areacell is None for variable 'unknown'; synthesising cosine-latitude weights. Provide areacella/sftlf for accurate spatial averages.
  sst2, keyerror = AverageMeridional(sst2)
/g/data/p66/ars599/ENSO_metrics/lib/EnsoUvcdatToolsLib.py:7406: UserWarning: areacell is None for variable 'tos'; synthesising cosine-latitude weights. Provide areacella/sftlf for accurate spatial averages.
  variable, areacell, keyerror3 = Read_mask_area(
/g/data/p66/ars599/ENSO_metrics/lib/EnsoUvcdatToolsLib.py:7303: UserWarning: areacell is None for variable 'unknown'; synthesising cosine-latitude weights. Provide areacella/sftlf for accurate spatial averages.
  tab, keyerror = dict_average[average](tab, areacell, region=region, **kwargs)
/g/data/p66/ars599/ENSO_metrics/lib/EnsoUvcdatToolsLib.py:7406: UserWarning: areacell is None for variable 'tos'; synthesising cosine-latitude weights. Provide areacella/sftlf for accurate spatial averages.
  variable, areacell, keyerror3 = Read_mask_area(
/g/data/p66/ars599/ENSO_metrics/lib/EnsoUvcdatToolsLib.py:7406: UserWarning: areacell is None for variable 'tos'; synthesising cosine-latitude weights. Provide areacella/sftlf for accurate spatial averages.
  variable, areacell, keyerror3 = Read_mask_area(
/g/data/p66/ars599/ENSO_metrics/lib/EnsoMetricsLib.py:6950: UserWarning: areacell is None for variable 'unknown'; synthesising cosine-latitude weights. Provide areacella/sftlf for accurate spatial averages.
  sst2, keyerror = AverageMeridional(sst2)
/g/data/p66/ars599/ENSO_metrics/lib/EnsoUvcdatToolsLib.py:7406: UserWarning: areacell is None for variable 'tos'; synthesising cosine-latitude weights. Provide areacella/sftlf for accurate spatial averages.
  variable, areacell, keyerror3 = Read_mask_area(
/g/data/p66/ars599/ENSO_metrics/lib/EnsoUvcdatToolsLib.py:7303: UserWarning: areacell is None for variable 'unknown'; synthesising cosine-latitude weights. Provide areacella/sftlf for accurate spatial averages.
  tab, keyerror = dict_average[average](tab, areacell, region=region, **kwargs)
/g/data/p66/ars599/ENSO_metrics/lib/EnsoUvcdatToolsLib.py:7406: UserWarning: areacell is None for variable 'tos'; synthesising cosine-latitude weights. Provide areacella/sftlf for accurate spatial averages.
  variable, areacell, keyerror3 = Read_mask_area(
/g/data/p66/ars599/ENSO_metrics/lib/EnsoUvcdatToolsLib.py:7406: UserWarning: areacell is None for variable 'tos'; synthesising cosine-latitude weights. Provide areacella/sftlf for accurate spatial averages.
  variable, areacell, keyerror3 = Read_mask_area(
/g/data/p66/ars599/ENSO_metrics/lib/EnsoMetricsLib.py:6950: UserWarning: areacell is None for variable 'unknown'; synthesising cosine-latitude weights. Provide areacella/sftlf for accurate spatial averages.
  sst2, keyerror = AverageMeridional(sst2)
